ARM Linker, 4.1 [Build 481] [Standard]

==============================================================================

Section Cross References

    startup_stm32f10x_hd.o(STACK) refers (Special) to heapauxi.o(.text) for __use_two_region_memory
    startup_stm32f10x_hd.o(HEAP) refers (Special) to heapauxi.o(.text) for __use_two_region_memory
    startup_stm32f10x_hd.o(RESET) refers (Special) to heapauxi.o(.text) for __use_two_region_memory
    startup_stm32f10x_hd.o(RESET) refers to startup_stm32f10x_hd.o(STACK) for __initial_sp
    startup_stm32f10x_hd.o(RESET) refers to startup_stm32f10x_hd.o(.text) for Reset_Handler
    startup_stm32f10x_hd.o(RESET) refers to usart2.o(i.TIM4_IRQHandler) for TIM4_IRQHandler
    startup_stm32f10x_hd.o(RESET) refers to usart.o(i.USART1_IRQHandler) for USART1_IRQHandler
    startup_stm32f10x_hd.o(RESET) refers to usart2.o(i.USART2_IRQHandler) for USART2_IRQHandler
    startup_stm32f10x_hd.o(.text) refers (Special) to heapauxi.o(.text) for __use_two_region_memory
    startup_stm32f10x_hd.o(.text) refers to __main.o(!!!main) for __main
    startup_stm32f10x_hd.o(.text) refers to startup_stm32f10x_hd.o(HEAP) for Heap_Mem
    startup_stm32f10x_hd.o(.text) refers to startup_stm32f10x_hd.o(STACK) for Stack_Mem
    test.o(i.Sys_Init) refers to sys.o(i.Stm32_Clock_Init) for Stm32_Clock_Init
    test.o(i.Sys_Init) refers to delay.o(i.delay_init) for delay_init
    test.o(i.Sys_Init) refers to usart.o(i.uart_init) for uart_init
    test.o(i.Sys_Init) refers to ili93xx.o(i.LCD_Init) for LCD_Init
    test.o(i.Sys_Init) refers to led.o(i.LED_Init) for LED_Init
    test.o(i.Sys_Init) refers to key.o(i.KEY_Init) for KEY_Init
    test.o(i.Sys_Init) refers to usart2.o(i.USART2_Init) for USART2_Init
    test.o(i.Sys_Init) refers to malloc.o(i.mem_init) for mem_init
    test.o(i.Sys_Init) refers to exfuns.o(i.exfuns_init) for exfuns_init
    test.o(i.Sys_Init) refers to ff.o(i.f_mount) for f_mount
    test.o(i.Sys_Init) refers to key.o(i.KEY_Scan) for KEY_Scan
    test.o(i.Sys_Init) refers to fontupd.o(i.font_init) for font_init
    test.o(i.Sys_Init) refers to ili93xx.o(i.LCD_Clear) for LCD_Clear
    test.o(i.Sys_Init) refers to ili93xx.o(i.LCD_ShowString) for LCD_ShowString
    test.o(i.Sys_Init) refers to delay.o(i.delay_ms) for delay_ms
    test.o(i.Sys_Init) refers to ili93xx.o(i.LCD_Fill) for LCD_Fill
    test.o(i.Sys_Init) refers to mmc_sd.o(i.SD_Initialize) for SD_Initialize
    test.o(i.Sys_Init) refers to fontupd.o(i.update_font) for update_font
    test.o(i.Sys_Init) refers to exfuns.o(.data) for fs
    test.o(i.Sys_Init) refers to ili93xx.o(.data) for POINT_COLOR
    test.o(i.main) refers to test.o(i.Sys_Init) for Sys_Init
    test.o(i.main) refers to ds18b20.o(i.DS18B20_Link) for DS18B20_Link
    test.o(i.main) refers to sim900a.o(i.SIM900A_Link) for SIM900A_Link
    test.o(i.main) refers to sim900a.o(i.sim900a_send_cmd) for sim900a_send_cmd
    test.o(i.main) refers to sim900a.o(i.sim900a_data_ui) for sim900a_data_ui
    test.o(i.main) refers to ili93xx.o(i.LCD_Clear) for LCD_Clear
    test.o(i.main) refers to text.o(i.Show_Str_Mid) for Show_Str_Mid
    test.o(i.main) refers to sim900a.o(i.sim900a_sms_read) for sim900a_sms_read
    test.o(i.main) refers to delay.o(i.delay_ms) for delay_ms
    test.o(i.main) refers to ili93xx.o(i.LCD_Fill) for LCD_Fill
    delay.o(i.delay_init) refers to delay.o(.data) for fac_us
    delay.o(i.delay_ms) refers to delay.o(.data) for fac_ms
    delay.o(i.delay_us) refers to delay.o(.data) for fac_us
    sys.o(i.MYRCC_DeInit) refers to sys.o(i.MY_NVIC_SetVectorTable) for MY_NVIC_SetVectorTable
    sys.o(i.MY_NVIC_Init) refers to sys.o(i.MY_NVIC_PriorityGroupConfig) for MY_NVIC_PriorityGroupConfig
    sys.o(i.Stm32_Clock_Init) refers to sys.o(i.MYRCC_DeInit) for MYRCC_DeInit
    sys.o(i.Sys_Standby) refers to sys.o(.emb_text) for WFI_SET
    usart.o(i.USART1_IRQHandler) refers (Special) to use_no_semi_2.o(.text) for __use_no_semihosting
    usart.o(i.USART1_IRQHandler) refers to usart.o(.data) for USART_RX_STA
    usart.o(i.USART1_IRQHandler) refers to usart.o(.bss) for USART_RX_BUF
    usart.o(i._sys_exit) refers (Special) to use_no_semi_2.o(.text) for __use_no_semihosting
    usart.o(i.fputc) refers (Special) to use_no_semi_2.o(.text) for __use_no_semihosting
    usart.o(i.uart_init) refers (Special) to use_no_semi_2.o(.text) for __use_no_semihosting
    usart.o(i.uart_init) refers to fflt_clz.o(x$fpl$ffltu) for __aeabi_ui2f
    usart.o(i.uart_init) refers to fdiv.o(x$fpl$fdiv) for __aeabi_fdiv
    usart.o(i.uart_init) refers to ffixu.o(x$fpl$ffixu) for __aeabi_f2uiz
    usart.o(i.uart_init) refers to faddsub_clz.o(x$fpl$frsb) for __aeabi_frsub
    usart.o(i.uart_init) refers to fmul.o(x$fpl$fmul) for __aeabi_fmul
    usart.o(i.uart_init) refers to sys.o(i.MY_NVIC_Init) for MY_NVIC_Init
    usart.o(.bss) refers (Special) to use_no_semi_2.o(.text) for __use_no_semihosting
[...]
    .bss                                     0x2000b488   Section       33  fontupd.o(.bss)
    .bss                                     0x2000b4a9   Section      100  sim900a.o(.bss)
    s                                        0x2000b4a9   Data         100  sim900a.o(.bss)
    .bss                                     0x2000b510   Section       96  libspace.o(.bss)
    HEAP                                     0x2000b570   Section      512  startup_stm32f10x_hd.o(HEAP)
    Heap_Mem                                 0x2000b570   Data         512  startup_stm32f10x_hd.o(HEAP)
    STACK                                    0x2000b770   Section     1024  startup_stm32f10x_hd.o(STACK)
    Stack_Mem                                0x2000b770   Data        1024  startup_stm32f10x_hd.o(STACK)
    __initial_sp                             0x2000bb70   Data           0  startup_stm32f10x_hd.o(STACK)

    Global Symbols

    Symbol Name                              Value     Ov Type        Size  Object(Section)

    BuildAttributes$$THM_ISAv4$P$D$K$B$S$PE$A:L22UL41UL21$X:L11$S22US41US21$IEEE1$IW$USESV6$~STKCKD$USESV7$~SHL$OTIME$ROPI$IEEEJ$EBA8$UX$STANDARDLIB$REQ8$PRES8$EABIv2 0x00000000   Number         0  anon$$obj.o ABSOLUTE
    __ARM_use_no_argv                        0x00000000   Number         0  test.o ABSOLUTE
    _printf_flags                            0x00000000   Number         0  printf_stubs.o ABSOLUTE
    _printf_return_value                     0x00000000   Number         0  printf_stubs.o ABSOLUTE
    _printf_sizespec                         0x00000000   Number         0  printf_stubs.o ABSOLUTE
    _printf_widthprec                        0x00000000   Number         0  printf_stubs.o ABSOLUTE
    __ARM_exceptions_init                     - Undefined Weak Reference
    __alloca_initialize                       - Undefined Weak Reference
    __cpp_initialize__aeabi_                  - Undefined Weak Reference
    __cxa_finalize                            - Undefined Weak Reference
    __sigvec_lookup                           - Undefined Weak Reference
    _atexit_init                              - Undefined Weak Reference
    _call_atexit_fns                          - Undefined Weak Reference
    _clock_init                               - Undefined Weak Reference
    _fp_trap_init                             - Undefined Weak Reference
    _fp_trap_shutdown                         - Undefined Weak Reference
    _get_lc_collate                           - Undefined Weak Reference
    _get_lc_monetary                          - Undefined Weak Reference
    _get_lc_time                              - Undefined Weak Reference
    _getenv_init                              - Undefined Weak Reference
    _handle_redirection                       - Undefined Weak Reference
    _init_alloc                               - Undefined Weak Reference
    _init_user_alloc                          - Undefined Weak Reference
    _initio                                   - Undefined Weak Reference
    _mutex_acquire                            - Undefined Weak Reference
    _mutex_release                            - Undefined Weak Reference
    _printf_fp_hex                            - Undefined Weak Reference
    _printf_mbtowc                            - Undefined Weak Reference
    _printf_wc                                - Undefined Weak Reference
    _rand_init                                - Undefined Weak Reference
    _signal_finish                            - Undefined Weak Reference
    _signal_init                              - Undefined Weak Reference
    _terminate_alloc                          - Undefined Weak Reference
    _terminate_user_alloc                     - Undefined Weak Reference
    _terminateio                              - Undefined Weak Reference
    __Vectors_Size                           0x00000130   Number         0  startup_stm32f10x_hd.o ABSOLUTE
    __Vectors                                0x08000000   Data           4  startup_stm32f10x_hd.o(RESET)
    __Vectors_End                            0x08000130   Data           0  startup_stm32f10x_hd.o(RESET)
    __main                                   0x08000131   Thumb Code     8  __main.o(!!!main)
    __scatterload                            0x08000139   Thumb Code     0  __scatter.o(!!!scatter)
    __scatterload_rt2                        0x08000139   Thumb Code    44  __scatter.o(!!!scatter)
    __scatterload_rt2_thumb_only             0x08000139   Thumb Code     0  __scatter.o(!!!scatter)
    __scatterload_null                       0x08000147   Thumb Code     0  __scatter.o(!!!scatter)
    __decompress                             0x0800016d   Thumb Code    90  __dczerorl2.o(!!dczerorl2)
    __decompress1                            0x0800016d   Thumb Code     0  __dczerorl2.o(!!dczerorl2)
    __scatterload_zeroinit                   0x080001c9   Thumb Code    28  __scatter_zi.o(!!handler_zi)
    _printf_n                                0x080001e5   Thumb Code     0  _printf_n.o(.ARM.Collect$$_printf_percent$$00000001)
    _printf_percent                          0x080001e5   Thumb Code     0  _printf_percent.o(.ARM.Collect$$_printf_percent$$00000000)
    _printf_p                                0x080001eb   Thumb Code     0  _printf_p.o(.ARM.Collect$$_printf_percent$$00000002)
    _printf_f                                0x080001f1   Thumb Code     0  _printf_f.o(.ARM.Collect$$_printf_percent$$00000003)
    _printf_e                                0x080001f7   Thumb Code     0  _printf_e.o(.ARM.Collect$$_printf_percent$$00000004)
    _printf_g                                0x080001fd   Thumb Code     0  _printf_g.o(.ARM.Collect$$_printf_percent$$00000005)
    _printf_a                                0x08000203   Thumb Code     0  _printf_a.o(.ARM.Collect$$_printf_percent$$00000006)
    _printf_ll                               0x08000209   Thumb Code     0  _printf_ll.o(.ARM.Collect$$_printf_percent$$00000007)
    _printf_i                                0x08000213   Thumb Code     0  _printf_i.o(.ARM.Collect$$_printf_percent$$00000008)
    _printf_d                                0x08000219   Thumb Code     0  _printf_d.o(.ARM.Collect$$_printf_percent$$00000009)
    _printf_u                                0x0800021f   Thumb Code     0  _printf_u.o(.ARM.Collect$$_printf_percent$$0000000A)
    _printf_o                                0x08000225   Thumb Code     0  _printf_o.o(.ARM.Collect$$_printf_percent$$0000000B)
    _printf_x                                0x0800022b   Thumb Code     0  _printf_x.o(.ARM.Collect$$_printf_percent$$0000000C)
    _printf_lli                              0x08000231   Thumb Code     0  _printf_lli.o(.ARM.Collect$$_printf_percent$$0000000D)
    _printf_lld                              0x08000237   Thumb Code     0  _printf_lld.o(.ARM.Collect$$_printf_percent$$0000000E)
    _printf_llu                              0x0800023d   Thumb Code     0  _printf_llu.o(.ARM.Collect$$_printf_percent$$0000000F)
    _printf_llo                              0x08000243   Thumb Code     0  _printf_llo.o(.ARM.Collect$$_printf_percent$$00000010)
    _printf_llx                              0x08000249   Thumb Code     0  _printf_llx.o(.ARM.Collect$$_printf_percent$$00000011)
    _printf_l                                0x0800024f   Thumb Code     0  _printf_l.o(.ARM.Collect$$_printf_percent$$00000012)
    _printf_c                                0x08000259   Thumb Code     0  _printf_c.o(.ARM.Collect$$_printf_percent$$00000013)
    _printf_s                                0x0800025f   Thumb Code     0  _printf_s.o(.ARM.Collect$$_printf_percent$$00000014)
    _printf_lc                               0x08000265   Thumb Code     0  _printf_lc.o(.ARM.Collect$$_printf_percent$$00000015)
    _printf_ls                               0x0800026b   Thumb Code     0  _printf_ls.o(.ARM.Collect$$_printf_percent$$00000016)
    _printf_percent_end                      0x08000271   Thumb Code     0  _printf_percent_end.o(.ARM.Collect$$_printf_percent$$00000017)
    __rt_lib_init                            0x08000275   Thumb Code     0  libinit.o(.ARM.Collect$$libinit$$00000000)
    __rt_lib_init_heap_1                     0x0800027b   Thumb Code     0  libinit2.o(.ARM.Collect$$libinit$$00000006)
    __rt_lib_init_lc_common                  0x0800027b   Thumb Code     0  libinit2.o(.ARM.Collect$$libinit$$0000000B)
    __rt_lib_init_rand_1                     0x0800027b   Thumb Code     0  libinit2.o(.ARM.Collect$$libinit$$0000000A)
    __rt_lib_init_user_alloc_1               0x0800027b   Thumb Code     0  libinit2.o(.ARM.Collect$$libinit$$00000008)
    __rt_lib_init_lc_collate_1               0x08000281   Thumb Code     0  libinit2.o(.ARM.Collect$$libinit$$0000000D)
    __rt_lib_init_lc_ctype_2                 0x08000281   Thumb Code     0  libinit2.o(.ARM.Collect$$libinit$$0000000E)
    __rt_lib_init_lc_ctype_1                 0x0800028d   Thumb Code     0  libinit2.o(.ARM.Collect$$libinit$$0000000F)
    __rt_lib_init_lc_monetary_1              0x0800028d   Thumb Code     0  libinit2.o(.ARM.Collect$$libinit$$00000011)
    __rt_lib_init_lc_numeric_2               0x0800028d   Thumb Code     0  libinit2.o(.ARM.Collect$$libinit$$00000012)
    __rt_lib_init_alloca_1                   0x08000297   Thumb Code     0  libinit2.o(.ARM.Collect$$libinit$$0000002A)
    __rt_lib_init_argv_1                     0x08000297   Thumb Code     0  libinit2.o(.ARM.Collect$$libinit$$00000028)
    __rt_lib_init_atexit_1                   0x08000297   Thumb Code     0  libinit2.o(.ARM.Collect$$libinit$$00000017)
    __rt_lib_init_clock_1                    0x08000297   Thumb Code     0  libinit2.o(.ARM.Collect$$libinit$$0000001D)
    __rt_lib_init_cpp_1                      0x08000297   Thumb Code     0  libinit2.o(.ARM.Collect$$libinit$$0000002E)
    __rt_lib_init_exceptions_1               0x08000297   Thumb Code     0  libinit2.o(.ARM.Collect$$libinit$$0000002C)
    __rt_lib_init_fp_trap_1                  0x08000297   Thumb Code     0  libinit2.o(.ARM.Collect$$libinit$$0000001B)
    __rt_lib_init_getenv_1                   0x08000297   Thumb Code     0  libinit2.o(.ARM.Collect$$libinit$$0000001F)
    __rt_lib_init_lc_numeric_1               0x08000297   Thumb Code     0  libinit2.o(.ARM.Collect$$libinit$$00000013)
    __rt_lib_init_lc_time_1                  0x08000297   Thumb Code     0  libinit2.o(.ARM.Collect$$libinit$$00000015)
    __rt_lib_init_return                     0x08000297   Thumb Code     0  libinit2.o(.ARM.Collect$$libinit$$0000002F)
    __rt_lib_init_signal_1                   0x08000297   Thumb Code     0  libinit2.o(.ARM.Collect$$libinit$$00000019)
    __rt_lib_init_stdio_1                    0x08000297   Thumb Code     0  libinit2.o(.ARM.Collect$$libinit$$00000021)
    __rt_lib_shutdown                        0x08000299   Thumb Code     0  libshutdown.o(.ARM.Collect$$libshutdown$$00000000)
    __rt_lib_shutdown_fp_trap_1              0x0800029b   Thumb Code     0  libshutdown2.o(.ARM.Collect$$libshutdown$$00000006)
    __rt_lib_shutdown_heap_1                 0x0800029b   Thumb Code     0  libshutdown2.o(.ARM.Collect$$libshutdown$$0000000E)
    __rt_lib_shutdown_return                 0x0800029b   Thumb Code     0  libshutdown2.o(.ARM.Collect$$libshutdown$$0000000F)
    __rt_lib_shutdown_signal_1               0x0800029b   Thumb Code     0  libshutdown2.o(.ARM.Collect$$libshutdown$$00000009)
    __rt_lib_shutdown_stdio_1                0x0800029b   Thumb Code     0  libshutdown2.o(.ARM.Collect$$libshutdown$$00000003)
    __rt_lib_shutdown_user_alloc_1           0x0800029b   Thumb Code     0  libshutdown2.o(.ARM.Collect$$libshutdown$$0000000B)
    __rt_entry                               0x0800029d   Thumb Code     0  rtentry.o(.ARM.Collect$$rtentry$$00000000)
    __rt_entry_presh_1                       0x0800029d   Thumb Code     0  rtentry2.o(.ARM.Collect$$rtentry$$00000002)
    __rt_entry_sh                            0x0800029d   Thumb Code     0  rtentry4.o(.ARM.Collect$$rtentry$$00000004)
    __rt_entry_li                            0x080002a3   Thumb Code     0  rtentry2.o(.ARM.Collect$$rtentry$$0000000A)
    __rt_entry_postsh_1                      0x080002a3   Thumb Code     0  rtentry2.o(.ARM.Collect$$rtentry$$00000009)
    __rt_entry_main                          0x080002a7   Thumb Code     0  rtentry2.o(.ARM.Collect$$rtentry$$0000000D)
    __rt_entry_postli_1                      0x080002a7   Thumb Code     0  rtentry2.o(.ARM.Collect$$rtentry$$0000000C)
    __rt_exit                                0x080002af   Thumb Code     0  rtexit.o(.ARM.Collect$$rtexit$$00000000)
    __rt_exit_ls                             0x080002b1   Thumb Code     0  rtexit2.o(.ARM.Collect$$rtexit$$00000003)
    __rt_exit_prels_1                        0x080002b1   Thumb Code     0  rtexit2.o(.ARM.Collect$$rtexit$$00000002)
    __rt_exit_exit                           0x080002b5   Thumb Code     0  rtexit2.o(.ARM.Collect$$rtexit$$00000004)
    Reset_Handler                            0x080002bd   Thumb Code     4  startup_stm32f10x_hd.o(.text)
    NMI_Handler                              0x080002c1   Thumb Code     2  startup_stm32f10x_hd.o(.text)
    HardFault_Handler                        0x080002c3   Thumb Code     2  startup_stm32f10x_hd.o(.text)
    MemManage_Handler                        0x080002c5   Thumb Code     2  startup_stm32f10x_hd.o(.text)
    BusFault_Handler                         0x080002c7   Thumb Code     2  startup_stm32f10x_hd.o(.text)
    UsageFault_Handler                       0x080002c9   Thumb Code     2  startup_stm32f10x_hd.o(.text)
    SVC_Handler                              0x080002cb   Thumb Code     2  startup_stm32f10x_hd.o(.text)
    DebugMon_Handler                         0x080002cd   Thumb Code     2  startup_stm32f10x_hd.o(.text)
    PendSV_Handler                           0x080002cf   Thumb Code     2  startup_stm32f10x_hd.o(.text)
    SysTick_Handler                          0x080002d1   Thumb Code     2  startup_stm32f10x_hd.o(.text)
    ADC1_2_IRQHandler                        0x080002d3   Thumb Code     0  startup_stm32f10x_hd.o(.text)
    ADC3_IRQHandler                          0x080002d3   Thumb Code     0  startup_stm32f10x_hd.o(.text)
    CAN1_RX1_IRQHandler                      0x080002d3   Thumb Code     0  startup_stm32f10x_hd.o(.text)
    CAN1_SCE_IRQHandler                      0x080002d3   Thumb Code     0  startup_stm32f10x_hd.o(.text)
    DMA1_Channel1_IRQHandler                 0x080002d3   Thumb Code     0  startup_stm32f10x_hd.o(.text)
    DMA1_Channel2_IRQHandler                 0x080002d3   Thumb Code     0  startup_stm32f10x_hd.o(.text)
    DMA1_Channel3_IRQHandler                 0x080002d3   Thumb Code     0  startup_stm32f10x_hd.o(.text)
    DMA1_Channel4_IRQHandler                 0x080002d3   Thumb Code     0  startup_stm32f10x_hd.o(.text)
    DMA1_Channel5_IRQHandler                 0x080002d3   Thumb Code     0  startup_stm32f10x_hd.o(.text)
    DMA1_Channel6_IRQHandler                 0x080002d3   Thumb Code     0  startup_stm32f10x_hd.o(.text)
    DMA1_Channel7_IRQHandler                 0x080002d3   Thumb Code     0  startup_stm32f10x_hd.o(.text)
    DMA2_Channel1_IRQHandler                 0x080002d3   Thumb Code     0  startup_stm32f10x_hd.o(.text)
    DMA2_Channel2_IRQHandler                 0x080002d3   Thumb Code     0  startup_stm32f10x_hd.o(.text)
    DMA2_Channel3_IRQHandler                 0x080002d3   Thumb Code     0  startup_stm32f10x_hd.o(.text)
    DMA2_Channel4_5_IRQHandler               0x080002d3   Thumb Code     0  startup_stm32f10x_hd.o(.text)
    EXTI0_IRQHandler                         0x080002d3   Thumb Code     0  startup_stm32f10x_hd.o(.text)
    EXTI15_10_IRQHandler                     0x080002d3   Thumb Code     0  startup_stm32f10x_hd.o(.text)
    EXTI1_IRQHandler                         0x080002d3   Thumb Code     0  startup_stm32f10x_hd.o(.text)
    EXTI2_IRQHandler                         0x080002d3   Thumb Code     0  startup_stm32f10x_hd.o(.text)
    EXTI3_IRQHandler                         0x080002d3   Thumb Code     0  startup_stm32f10x_hd.o(.text)
    EXTI4_IRQHandler                         0x080002d3   Thumb Code     0  startup_stm32f10x_hd.o(.text)
    EXTI9_5_IRQHandler                       0x080002d3   Thumb Code     0  startup_stm32f10x_hd.o(.text)
    FLASH_IRQHandler                         0x080002d3   Thumb Code     0  startup_stm32f10x_hd.o(.text)
    FSMC_IRQHandler                          0x080002d3   Thumb Code     0  startup_stm32f10x_hd.o(.text)
    I2C1_ER_IRQHandler                       0x080002d3   Thumb Code     0  startup_stm32f10x_hd.o(.text)
    I2C1_EV_IRQHandler                       0x080002d3   Thumb Code     0  startup_stm32f10x_hd.o(.text)
    I2C2_ER_IRQHandler                       0x080002d3   Thumb Code     0  startup_stm32f10x_hd.o(.text)
    I2C2_EV_IRQHandler                       0x080002d3   Thumb Code     0  startup_stm32f10x_hd.o(.text)
    PVD_IRQHandler                           0x080002d3   Thumb Code     0  startup_stm32f10x_hd.o(.text)
    RCC_IRQHandler                           0x080002d3   Thumb Code     0  startup_stm32f10x_hd.o(.text)
    RTCAlarm_IRQHandler                      0x080002d3   Thumb Code     0  startup_stm32f10x_hd.o(.text)
    RTC_IRQHandler                           0x080002d3   Thumb Code     0  startup_stm32f10x_hd.o(.text)
    SDIO_IRQHandler                          0x080002d3   Thumb Code     0  startup_stm32f10x_hd.o(.text)
    SPI1_IRQHandler                          0x080002d3   Thumb Code     0  startup_stm32f10x_hd.o(.text)
    SPI2_IRQHandler                          0x080002d3   Thumb Code     0  startup_stm32f10x_hd.o(.text)
    SPI3_IRQHandler                          0x080002d3   Thumb Code     0  startup_stm32f10x_hd.o(.text)
    TAMPER_IRQHandler                        0x080002d3   Thumb Code     0  startup_stm32f10x_hd.o(.text)
    TIM1_BRK_IRQHandler                      0x080002d3   Thumb Code     0  startup_stm32f10x_hd.o(.text)
    TIM1_CC_IRQHandler                       0x080002d3   Thumb Code     0  startup_stm32f10x_hd.o(.text)
    TIM1_TRG_COM_IRQHandler                  0x080002d3   Thumb Code     0  startup_stm32f10x_hd.o(.text)
    TIM1_UP_IRQHandler                       0x080002d3   Thumb Code     0  startup_stm32f10x_hd.o(.text)
    TIM2_IRQHandler                          0x080002d3   Thumb Code     0  startup_stm32f10x_hd.o(.text)
    TIM3_IRQHandler                          0x080002d3   Thumb Code     0  startup_stm32f10x_hd.o(.text)
    TIM5_IRQHandler                          0x080002d3   Thumb Code     0  startup_stm32f10x_hd.o(.text)
    TIM6_IRQHandler                          0x080002d3   Thumb Code     0  startup_stm32f10x_hd.o(.text)
    TIM7_IRQHandler                          0x080002d3   Thumb Code     0  startup_stm32f10x_hd.o(.text)
    TIM8_BRK_IRQHandler                      0x080002d3   Thumb Code     0  startup_stm32f10x_hd.o(.text)
    TIM8_CC_IRQHandler                       0x080002d3   Thumb Code     0  startup_stm32f10x_hd.o(.text)
    TIM8_TRG_COM_IRQHandler                  0x080002d3   Thumb Code     0  startup_stm32f10x_hd.o(.text)
    TIM8_UP_IRQHandler                       0x080002d3   Thumb Code     0  startup_stm32f10x_hd.o(.text)
    UART4_IRQHandler                         0x080002d3   Thumb Code     0  startup_stm32f10x_hd.o(.text)
    UART5_IRQHandler                         0x080002d3   Thumb Code     0  startup_stm32f10x_hd.o(.text)
    USART3_IRQHandler                        0x080002d3   Thumb Code     0  startup_stm32f10x_hd.o(.text)
    USBWakeUp_IRQHandler                     0x080002d3   Thumb Code     0  startup_stm32f10x_hd.o(.text)
    USB_HP_CAN1_TX_IRQHandler                0x080002d3   Thumb Code     0  startup_stm32f10x_hd.o(.text)
    USB_LP_CAN1_RX0_IRQHandler               0x080002d3   Thumb Code     0  startup_stm32f10x_hd.o(.text)
    WWDG_IRQHandler                          0x080002d3   Thumb Code     0  startup_stm32f10x_hd.o(.text)
    __user_initial_stackheap                 0x080002d5   Thumb Code     0  startup_stm32f10x_hd.o(.text)
    __use_no_semihosting                     0x080002f5   Thumb Code     2  use_no_semi_2.o(.text)
    __c89vsprintf                            0x080002f9   Thumb Code    32  c89vsprintf.o(.text)
    __2printf                                0x0800031d   Thumb Code    20  __2printf.o(.text)
    __2sprintf                               0x08000335   Thumb Code    38  __2sprintf.o(.text)
    _printf_str                              0x08000361   Thumb Code    82  _printf_str.o(.text)
    _printf_int_dec                          0x080003b5   Thumb Code    98  _printf_dec.o(.text)
    _printf_longlong_hex                     0x08000429   Thumb Code    92  _printf_hex_int_ll_ptr.o(.text)
    _printf_int_hex                          0x08000485   Thumb Code    28  _printf_hex_int_ll_ptr.o(.text)
    _printf_ll_hex                           0x080004a1   Thumb Code    12  _printf_hex_int_ll_ptr.o(.text)
    _printf_hex_ptr                          0x080004ad   Thumb Code    18  _printf_hex_int_ll_ptr.o(.text)
    __printf                                 0x080004c5   Thumb Code   406  __printf_flags_ss_wp.o(.text)
    atoi                                     0x08000661   Thumb Code    26  atoi.o(.text)
    strstr                                   0x0800067b   Thumb Code    36  strstr.o(.text)
    strcpy                                   0x0800069f   Thumb Code    72  strcpy.o(.text)
    strlen                                   0x080006e7   Thumb Code    62  strlen.o(.text)
    strcat                                   0x08000725   Thumb Code    24  strcat.o(.text)
    strcmp                                   0x0800073d   Thumb Code   128  strcmpv7m.o(.text)
    __use_two_region_memory                  0x080007bd   Thumb Code     2  heapauxi.o(.text)
    __rt_heap_escrow$2region                 0x080007bf   Thumb Code     2  heapauxi.o(.text)
    __rt_heap_expand$2region                 0x080007c1   Thumb Code     2  heapauxi.o(.text)
    __I$use$semihosting                      0x080007c3   Thumb Code     0  use_no_semi.o(.text)
    __use_no_semihosting_swi                 0x080007c3   Thumb Code     2  use_no_semi.o(.text)
    __aeabi_errno_addr                       0x080007c5   Thumb Code    12  rt_errno_addr_intlibspace.o(.text)
    __errno$intlibspace                      0x080007c5   Thumb Code     0  rt_errno_addr_intlibspace.o(.text)
    __rt_errno_addr$intlibspace              0x080007c5   Thumb Code     0  rt_errno_addr_intlibspace.o(.text)
    _printf_pre_padding                      0x080007d1   Thumb Code    44  _printf_pad.o(.text)
    _printf_post_padding                     0x080007fd   Thumb Code    36  _printf_pad.o(.text)
    _printf_truncate_signed                  0x08000821   Thumb Code    18  _printf_truncate.o(.text)
    _printf_truncate_unsigned                0x08000833   Thumb Code    18  _printf_truncate.o(.text)
    _printf_int_common                       0x08000845   Thumb Code   180  _printf_intcommon.o(.text)
    _printf_charcount                        0x080008f9   Thumb Code    42  _printf_charcount.o(.text)
    _printf_char_common                      0x0800092f   Thumb Code    32  _printf_char_common.o(.text)
    _sputc                                   0x08000955   Thumb Code    10  _sputc.o(.text)
    _printf_cs_common                        0x0800095f   Thumb Code    20  _printf_char.o(.text)
    _printf_char                             0x08000973   Thumb Code    16  _printf_char.o(.text)
    _printf_string                           0x08000983   Thumb Code     8  _printf_char.o(.text)
    _printf_char_file                        0x0800098d   Thumb Code    32  _printf_char_file.o(.text)
    _printf_wctomb                           0x080009b1   Thumb Code   182  _printf_wctomb.o(.text)
    _printf_longlong_dec                     0x08000a6d   Thumb Code   104  _printf_longlong_dec.o(.text)
    _printf_longlong_oct                     0x08000ae5   Thumb Code    76  _printf_oct_int_ll.o(.text)
    _printf_int_oct                          0x08000b31   Thumb Code    24  _printf_oct_int_ll.o(.text)
    _printf_ll_oct                           0x08000b49   Thumb Code    12  _printf_oct_int_ll.o(.text)
    strtol                                   0x08000b5d   Thumb Code   112  strtol.o(.text)
    __rt_udiv10                              0x08000bcd   Thumb Code    16  rtudiv10.o(.text)
    __user_libspace                          0x08000bdd   Thumb Code     8  libspace.o(.text)
    __user_perproc_libspace                  0x08000bdd   Thumb Code     0  libspace.o(.text)
    __user_perthread_libspace                0x08000bdd   Thumb Code     0  libspace.o(.text)
    __rt_ctype_table                         0x08000be5   Thumb Code    16  rt_ctype_table.o(.text)
    _ll_udiv10                               0x08000bf5   Thumb Code   138  lludiv10.o(.text)
    __lib_sel_fp_printf                      0x08000c7f   Thumb Code     2  _printf_fp_dec.o(.text)
    _printf_fp_dec_real                      0x08000e25   Thumb Code   616  _printf_fp_dec.o(.text)
    _printf_lcs_common                       0x0800108d   Thumb Code    20  _printf_wchar.o(.text)
    _printf_wchar                            0x080010a1   Thumb Code    16  _printf_wchar.o(.text)
    _printf_wstring                          0x080010b1   Thumb Code     8  _printf_wchar.o(.text)
    _strtoul                                 0x080010b9   Thumb Code   156  _strtoul.o(.text)
    ferror                                   0x08001155   Thumb Code     8  ferror.o(.text)
    _wcrtomb                                 0x0800115d   Thumb Code    64  _wcrtomb.o(.text)
    __user_setup_stackheap                   0x0800119d   Thumb Code    74  sys_stackheap_outer.o(.text)
    __rt_locale                              0x080011e9   Thumb Code    12  rt_locale_intlibspace.o(.text)
    _printf_fp_infnan                        0x080011f5   Thumb Code   108  _printf_fp_infnan.o(.text)
    _chval                                   0x08001271   Thumb Code    32  _chval.o(.text)
    _btod_etento                             0x08001291   Thumb Code   230  bigflt0.o(.text)
    exit                                     0x0800137d   Thumb Code    12  exit.o(.text)
    __rt_fp_status_addr                      0x08001389   Thumb Code    12  rt_fp_status_addr_intlibspace.o(.text)
    _btod_d2e                                0x08001395   Thumb Code    62  btod.o(CL$$btod_d2e)
    _d2e_denorm_low                          0x080013d3   Thumb Code    70  btod.o(CL$$btod_d2e_denorm_low)
    _d2e_norm_op1                            0x08001419   Thumb Code    96  btod.o(CL$$btod_d2e_norm_op1)
    __btod_div_common                        0x08001479   Thumb Code   696  btod.o(CL$$btod_div_common)
    _e2e                                     0x080017b1   Thumb Code   198  btod.o(CL$$btod_e2e)
    _btod_ediv                               0x08001877   Thumb Code    40  btod.o(CL$$btod_ediv)
    _btod_emul                               0x0800189f   Thumb Code    40  btod.o(CL$$btod_emul)
    __btod_mult_common                       0x080018c7   Thumb Code   580  btod.o(CL$$btod_mult_common)
    DS18B20_Check                            0x08001b0d   Thumb Code    98  ds18b20.o(i.DS18B20_Check)
    DS18B20_Get_Temp                         0x08001b7d   Thumb Code   142  ds18b20.o(i.DS18B20_Get_Temp)
    DS18B20_Init                             0x08001c11   Thumb Code    66  ds18b20.o(i.DS18B20_Init)
    DS18B20_Link                             0x08001c61   Thumb Code   248  ds18b20.o(i.DS18B20_Link)
    DS18B20_Read_Bit                         0x08001e0d   Thumb Code   114  ds18b20.o(i.DS18B20_Read_Bit)
    DS18B20_Read_Byte                        0x08001e95   Thumb Code    34  ds18b20.o(i.DS18B20_Read_Byte)
    DS18B20_Rst                              0x08001eb9   Thumb Code    62  ds18b20.o(i.DS18B20_Rst)
    DS18B20_Start                            0x08001f09   Thumb Code    24  ds18b20.o(i.DS18B20_Start)
    DS18B20_Write_Byte                       0x08001f21   Thumb Code   114  ds18b20.o(i.DS18B20_Write_Byte)
    Get_HzMat                                0x08001fa5   Thumb Code   220  text.o(i.Get_HzMat)
    Get_Msg                                  0x08002085   Thumb Code   164  sim900a.o(i.Get_Msg)
    JTAG_Set                                 0x08002149   Thumb Code    38  sys.o(i.JTAG_Set)
    KEY_Init                                 0x08002179   Thumb Code   134  key.o(i.KEY_Init)
    KEY_Scan                                 0x08002211   Thumb Code   114  key.o(i.KEY_Scan)
    LCD_Clear                                0x08002295   Thumb Code   128  ili93xx.o(i.LCD_Clear)
    LCD_Display_Dir                          0x08002321   Thumb Code   422  ili93xx.o(i.LCD_Display_Dir)
    LCD_Fast_DrawPoint                       0x080024cd   Thumb Code   674  ili93xx.o(i.LCD_Fast_DrawPoint)
    LCD_Fill                                 0x08002781   Thumb Code   200  ili93xx.o(i.LCD_Fill)
    LCD_Init                                 0x08002855   Thumb Code 14914  ili93xx.o(i.LCD_Init)
    LCD_Pow                                  0x080062a1   Thumb Code    22  ili93xx.o(i.LCD_Pow)
    LCD_RD_DATA                              0x080062b9   Thumb Code   110  ili93xx.o(i.LCD_RD_DATA)
    LCD_ReadReg                              0x08006345   Thumb Code    16  ili93xx.o(i.LCD_ReadReg)
    LCD_Scan_Dir                             0x08006355   Thumb Code  1196  ili93xx.o(i.LCD_Scan_Dir)
    LCD_SetCursor                            0x0800680d   Thumb Code   604  ili93xx.o(i.LCD_SetCursor)
    LCD_ShowChar                             0x08006a79   Thumb Code   272  ili93xx.o(i.LCD_ShowChar)
    LCD_ShowNum                              0x08006ba1   Thumb Code   152  ili93xx.o(i.LCD_ShowNum)
    LCD_ShowString                           0x08006c39   Thumb Code   102  ili93xx.o(i.LCD_ShowString)
    LCD_WR_DATAX                             0x08006ca1   Thumb Code    32  ili93xx.o(i.LCD_WR_DATAX)
    LCD_WR_REG                               0x08006cc9   Thumb Code    32  ili93xx.o(i.LCD_WR_REG)
    LCD_WriteRAM_Prepare                     0x08006cf1   Thumb Code    12  ili93xx.o(i.LCD_WriteRAM_Prepare)
    LCD_WriteReg                             0x08006d01   Thumb Code    44  ili93xx.o(i.LCD_WriteReg)
    LED_Init                                 0x08006d35   Thumb Code   110  led.o(i.LED_Init)
    MYRCC_DeInit                             0x08006db5   Thumb Code    90  sys.o(i.MYRCC_DeInit)
    MY_NVIC_Init                             0x08006e1d   Thumb Code   120  sys.o(i.MY_NVIC_Init)
    MY_NVIC_PriorityGroupConfig              0x08006e99   Thumb Code    42  sys.o(i.MY_NVIC_PriorityGroupConfig)
    MY_NVIC_SetVectorTable                   0x08006ecd   Thumb Code    12  sys.o(i.MY_NVIC_SetVectorTable)
    Not_Show_Tem                             0x08006ee1   Thumb Code    36  sim900a.o(i.Not_Show_Tem)
    SD_DisSelect                             0x08006f15   Thumb Code    18  mmc_sd.o(i.SD_DisSelect)
    SD_GetCSD                                0x08006f2d   Thumb Code    42  mmc_sd.o(i.SD_GetCSD)
    SD_GetResponse                           0x08006f57   Thumb Code    38  mmc_sd.o(i.SD_GetResponse)
    SD_GetSectorCount                        0x08006f7d   Thumb Code   118  mmc_sd.o(i.SD_GetSectorCount)
    SD_Initialize                            0x08006ff5   Thumb Code   386  mmc_sd.o(i.SD_Initialize)
    SD_ReadDisk                              0x0800717d   Thumb Code   112  mmc_sd.o(i.SD_ReadDisk)
    SD_RecvData                              0x080071f1   Thumb Code    56  mmc_sd.o(i.SD_RecvData)
    SD_SPI_Init                              0x08007229   Thumb Code    72  mmc_sd.o(i.SD_SPI_Init)
    SD_SPI_ReadWriteByte                     0x0800728d   Thumb Code    12  mmc_sd.o(i.SD_SPI_ReadWriteByte)
    SD_SPI_SpeedHigh                         0x08007299   Thumb Code    10  mmc_sd.o(i.SD_SPI_SpeedHigh)
    SD_SPI_SpeedLow                          0x080072a3   Thumb Code    10  mmc_sd.o(i.SD_SPI_SpeedLow)
    SD_Select                                0x080072ad   Thumb Code    26  mmc_sd.o(i.SD_Select)
    SD_SendBlock                             0x080072cd   Thumb Code    82  mmc_sd.o(i.SD_SendBlock)
    SD_SendCmd                               0x0800731f   Thumb Code   120  mmc_sd.o(i.SD_SendCmd)
    SD_WaitReady                             0x08007397   Thumb Code    34  mmc_sd.o(i.SD_WaitReady)
    SD_WriteDisk                             0x080073b9   Thumb Code   140  mmc_sd.o(i.SD_WriteDisk)
    SIM900A_Link                             0x08007449   Thumb Code   150  sim900a.o(i.SIM900A_Link)
    SPI1_Init                                0x0800753d   Thumb Code   168  spi.o(i.SPI1_Init)
    SPI1_ReadWriteByte                       0x080075f9   Thumb Code    74  spi.o(i.SPI1_ReadWriteByte)
    SPI1_SetSpeed                            0x08007649   Thumb Code    40  spi.o(i.SPI1_SetSpeed)
    SPI_FLASH_Write_Enable                   0x08007675   Thumb Code    26  flash.o(i.SPI_FLASH_Write_Enable)
    SPI_Flash_Erase_Sector                   0x08007699   Thumb Code    64  flash.o(i.SPI_Flash_Erase_Sector)
    SPI_Flash_Init                           0x080076e1   Thumb Code    80  flash.o(i.SPI_Flash_Init)
    SPI_Flash_Read                           0x08007749   Thumb Code    86  flash.o(i.SPI_Flash_Read)
    SPI_Flash_ReadID                         0x080077a5   Thumb Code    66  flash.o(i.SPI_Flash_ReadID)
    SPI_Flash_ReadSR                         0x080077f1   Thumb Code    38  flash.o(i.SPI_Flash_ReadSR)
    SPI_Flash_Wait_Busy                      0x08007821   Thumb Code    18  flash.o(i.SPI_Flash_Wait_Busy)
    SPI_Flash_Write                          0x08007833   Thumb Code   208  flash.o(i.SPI_Flash_Write)
    SPI_Flash_Write_NoCheck                  0x08007903   Thumb Code    70  flash.o(i.SPI_Flash_Write_NoCheck)
    SPI_Flash_Write_Page                     0x08007949   Thumb Code    82  flash.o(i.SPI_Flash_Write_Page)
    SPI_USART_IO_SET                         0x080079a1   Thumb Code    90  flash.o(i.SPI_USART_IO_SET)
    Show_Font                                0x08007a05   Thumb Code   190  text.o(i.Show_Font)
    Show_Str                                 0x08007acd   Thumb Code   194  text.o(i.Show_Str)
    Show_Str_Mid                             0x08007b91   Thumb Code   106  text.o(i.Show_Str_Mid)
    Show_Tem                                 0x08007c01   Thumb Code   178  sim900a.o(i.Show_Tem)
    Stm32_Clock_Init                         0x08007cdd   Thumb Code   130  sys.o(i.Stm32_Clock_Init)
    Sys_Init                                 0x08007d69   Thumb Code   332  test.o(i.Sys_Init)
    TIM4_IRQHandler                          0x08007f29   Thumb Code    50  usart2.o(i.TIM4_IRQHandler)
    TIM4_Init                                0x08007f65   Thumb Code    82  usart2.o(i.TIM4_Init)
    TIM4_Set                                 0x08007fc1   Thumb Code    44  usart2.o(i.TIM4_Set)
    UART_DMA_Config                          0x08007ff5   Thumb Code    80  usart2.o(i.UART_DMA_Config)
    UART_DMA_Enable                          0x08008049   Thumb Code    20  usart2.o(i.UART_DMA_Enable)
    USART1_IRQHandler                        0x0800805d   Thumb Code   116  usart.o(i.USART1_IRQHandler)
    USART2_IRQHandler                        0x080080e1   Thumb Code    78  usart2.o(i.USART2_IRQHandler)
    USART2_Init                              0x08008145   Thumb Code   202  usart2.o(i.USART2_Init)
    __ARM_fpclassify                         0x08008235   Thumb Code    40  fpclassify.o(i.__ARM_fpclassify)
    _sys_exit                                0x0800825d   Thumb Code     6  usart.o(i._sys_exit)
    clust2sect                               0x0800833b   Thumb Code    26  ff.o(i.clust2sect)
    delay_init                               0x08008739   Thumb Code    44  delay.o(i.delay_init)
    delay_ms                                 0x0800876d   Thumb Code    54  delay.o(i.delay_ms)
    delay_us                                 0x080087a9   Thumb Code    54  delay.o(i.delay_us)
    disk_initialize                          0x08008bfd   Thumb Code    88  diskio.o(i.disk_initialize)
    disk_ioctl                               0x08008c5d   Thumb Code   154  diskio.o(i.disk_ioctl)
    disk_read                                0x08008d01   Thumb Code   118  diskio.o(i.disk_read)
    disk_status                              0x08008d77   Thumb Code     6  diskio.o(i.disk_status)
    disk_write                               0x08008d7d   Thumb Code    98  diskio.o(i.disk_write)
    exfuns_init                              0x08008de1   Thumb Code   100  exfuns.o(i.exfuns_init)
    f_close                                  0x08008e55   Thumb Code    32  ff.o(i.f_close)
    f_mount                                  0x08008e75   Thumb Code    86  ff.o(i.f_mount)
    f_open                                   0x08008ed1   Thumb Code   378  ff.o(i.f_open)
    f_read                                   0x0800904b   Thumb Code   430  ff.o(i.f_read)
    f_sync                                   0x080091f9   Thumb Code   174  ff.o(i.f_sync)
    ff_convert                               0x080092a9   Thumb Code   148  mycc936.o(i.ff_convert)
    ff_memalloc                              0x08009341   Thumb Code    12  diskio.o(i.ff_memalloc)
    ff_memfree                               0x0800934d   Thumb Code    12  diskio.o(i.ff_memfree)
    ff_wtoupper                              0x08009359   Thumb Code    48  mycc936.o(i.ff_wtoupper)
    font_init                                0x08009829   Thumb Code    32  fontupd.o(i.font_init)
    fputc                                    0x08009851   Thumb Code    20  usart.o(i.fputc)
    fupd_prog                                0x0800986d   Thumb Code   134  fontupd.o(i.fupd_prog)
    get_fat                                  0x080099c9   Thumb Code   232  ff.o(i.get_fat)
    get_fattime                              0x08009ab1   Thumb Code     4  diskio.o(i.get_fattime)
    main                                     0x08009b21   Thumb Code   140  test.o(i.main)
    mem_free                                 0x08009c41   Thumb Code    66  malloc.o(i.mem_free)
    mem_init                                 0x08009c89   Thumb Code    38  malloc.o(i.mem_init)
    mem_malloc                               0x08009cb5   Thumb Code   116  malloc.o(i.mem_malloc)
    mem_perused                              0x08009d2d   Thumb Code    42  malloc.o(i.mem_perused)
    my_itoa                                  0x08009da5   Thumb Code    74  sim900a.o(i.my_itoa)
    myfree                                   0x08009df5   Thumb Code    24  malloc.o(i.myfree)
    mymalloc                                 0x08009e11   Thumb Code    26  malloc.o(i.mymalloc)
    mymemset                                 0x08009e31   Thumb Code    20  malloc.o(i.mymemset)
    put_fat                                  0x08009e45   Thumb Code   310  ff.o(i.put_fat)
    reverse                                  0x08009fe7   Thumb Code    38  sim900a.o(i.reverse)
    sim900a_check_cmd                        0x0800a00d   Thumb Code    44  sim900a.o(i.sim900a_check_cmd)
    sim900a_chr2hex                          0x0800a041   Thumb Code    54  sim900a.o(i.sim900a_chr2hex)
    sim900a_data_ui                          0x0800a079   Thumb Code   500  sim900a.o(i.sim900a_data_ui)
    sim900a_gsminfo_show                     0x0800a365   Thumb Code   312  sim900a.o(i.sim900a_gsminfo_show)
    sim900a_hex2chr                          0x0800a515   Thumb Code    34  sim900a.o(i.sim900a_hex2chr)
    sim900a_send_cmd                         0x0800a539   Thumb Code   104  sim900a.o(i.sim900a_send_cmd)
    sim900a_sms_read                         0x0800a5b5   Thumb Code   622  sim900a.o(i.sim900a_sms_read)
    sim900a_sms_send                         0x0800a8ad   Thumb Code   422  sim900a.o(i.sim900a_sms_send)
    sim900a_unigbk_exchange                  0x0800aad1   Thumb Code   236  sim900a.o(i.sim900a_unigbk_exchange)
    sim_at_response                          0x0800abbd   Thumb Code    46  sim900a.o(i.sim_at_response)
    u2_printf                                0x0800ad3d   Thumb Code    52  usart2.o(i.u2_printf)
    uart_init                                0x0800ad79   Thumb Code   230  usart.o(i.uart_init)
    updata_fontx                             0x0800ae79   Thumb Code   340  fontupd.o(i.updata_fontx)
    update_font                              0x0800afd5   Thumb Code   324  fontupd.o(i.update_font)
    _get_lc_ctype                            0x0800b1c5   Thumb Code    44  lc_ctype_c.o(locale$$code)
    _get_lc_numeric                          0x0800b1f1   Thumb Code    44  lc_numeric_c.o(locale$$code)
    __aeabi_d2iz                             0x0800b21d   Thumb Code     0  dfix.o(x$fpl$dfix)
    _dfix                                    0x0800b21d   Thumb Code    94  dfix.o(x$fpl$dfix)
    __aeabi_dmul                             0x0800b27d   Thumb Code     0  dmul.o(x$fpl$dmul)
    _dmul                                    0x0800b27d   Thumb Code   332  dmul.o(x$fpl$dmul)
    __fpl_dnaninf                            0x0800b3d1   Thumb Code   156  dnaninf.o(x$fpl$dnaninf)
    __fpl_dretinf                            0x0800b46d   Thumb Code    12  dretinf.o(x$fpl$dretinf)
    __aeabi_f2d                              0x0800b479   Thumb Code     0  f2d.o(x$fpl$f2d)
    _f2d                                     0x0800b479   Thumb Code    86  f2d.o(x$fpl$f2d)
    __aeabi_fadd                             0x0800b4d1   Thumb Code     0  faddsub_clz.o(x$fpl$fadd)
    _fadd                                    0x0800b4d1   Thumb Code   196  faddsub_clz.o(x$fpl$fadd)
    __fpl_fcmp_Inf                           0x0800b595   Thumb Code    24  fcmpi.o(x$fpl$fcmpinf)
    __aeabi_fdiv                             0x0800b5ad   Thumb Code     0  fdiv.o(x$fpl$fdiv)
    _fdiv                                    0x0800b5ad   Thumb Code   384  fdiv.o(x$fpl$fdiv)
    __aeabi_cfcmpeq                          0x0800b731   Thumb Code     0  feqf.o(x$fpl$feqf)
    _fcmpeq                                  0x0800b731   Thumb Code   104  feqf.o(x$fpl$feqf)
    __aeabi_f2uiz                            0x0800b799   Thumb Code     0  ffixu.o(x$fpl$ffixu)
    _ffixu                                   0x0800b799   Thumb Code    62  ffixu.o(x$fpl$ffixu)
    __aeabi_i2f                              0x0800b7d9   Thumb Code     0  fflt_clz.o(x$fpl$fflt)
    _fflt                                    0x0800b7d9   Thumb Code    48  fflt_clz.o(x$fpl$fflt)
    __aeabi_ui2f                             0x0800b809   Thumb Code     0  fflt_clz.o(x$fpl$ffltu)
    _ffltu                                   0x0800b809   Thumb Code    38  fflt_clz.o(x$fpl$ffltu)
    __aeabi_fmul                             0x0800b831   Thumb Code     0  fmul.o(x$fpl$fmul)
    _fmul                                    0x0800b831   Thumb Code   258  fmul.o(x$fpl$fmul)
    __fpl_fnaninf                            0x0800b933   Thumb Code   140  fnaninf.o(x$fpl$fnaninf)
    _fp_init                                 0x0800b9bf   Thumb Code    14  fpinit.o(x$fpl$fpinit)
    __fplib_config_pureend_doubles           0x0800b9cb   Thumb Code     0  fpinit.o(x$fpl$fpinit)
    __fpl_fretinf                            0x0800b9cd   Thumb Code    10  fretinf.o(x$fpl$fretinf)
    __aeabi_frsub                            0x0800b9d7   Thumb Code     0  faddsub_clz.o(x$fpl$frsb)
    _frsb                                    0x0800b9d7   Thumb Code    20  faddsub_clz.o(x$fpl$frsb)
    __aeabi_fsub                             0x0800b9ed   Thumb Code     0  faddsub_clz.o(x$fpl$fsub)
    _fsub                                    0x0800b9ed   Thumb Code   234  faddsub_clz.o(x$fpl$fsub)
    _printf_fp_dec                           0x0800bad7   Thumb Code     4  printf1.o(x$fpl$printf1)
    __I$use$fp                               0x0800badb   Thumb Code     0  usenofp.o(x$fpl$usenofp)
    asc2_1206                                0x0800bada   Data        1140  ili93xx.o(.constdata)
    asc2_1608                                0x0800bf4e   Data        1520  ili93xx.o(.constdata)
    asc2_2412                                0x0800c53e   Data        3420  ili93xx.o(.constdata)
    Region$$Table$$Base                      0x0800d834   Number         0  anon$$obj.o(Region$$Table)
    Region$$Table$$Limit                     0x0800d854   Number         0  anon$$obj.o(Region$$Table)
    __ctype                                  0x0800d861   Data           0  lc_ctype_c.o(locale$$data)
    USART_RX_STA                             0x20000004   Data           2  usart.o(.data)
    __stdout                                 0x20000008   Data           4  usart.o(.data)
    POINT_COLOR                              0x2000000c   Data           2  ili93xx.o(.data)
    BACK_COLOR                               0x2000000e   Data           2  ili93xx.o(.data)
    SPI_FLASH_TYPE                           0x20000012   Data           2  flash.o(.data)
    SD_Type                                  0x20000014   Data           1  mmc_sd.o(.data)
    USART2_RX_STA                            0x20000016   Data           2  usart2.o(.data)
    mallco_dev                               0x20000018   Data          20  malloc.o(.data)
    FILE_TYPE_TBL                            0x2000002c   Data         312  exfuns.o(.data)
    fs                                       0x20000164   Data           8  exfuns.o(.data)
    file                                     0x2000016c   Data           4  exfuns.o(.data)
    ftemp                                    0x20000170   Data           4  exfuns.o(.data)
    br                                       0x20000174   Data           4  exfuns.o(.data)
    bw                                       0x20000178   Data           4  exfuns.o(.data)
    fatbuf                                   0x2000017c   Data           4  exfuns.o(.data)
    FLASH_SECTOR_COUNT                       0x20000180   Data           2  diskio.o(.data)
    GBK24_PATH                               0x20000190   Data           4  fontupd.o(.data)
    GBK16_PATH                               0x20000194   Data           4  fontupd.o(.data)
    GBK12_PATH                               0x20000198   Data           4  fontupd.o(.data)
    UNIGBK_PATH                              0x2000019c   Data           4  fontupd.o(.data)
    flag                                     0x200001a0   Data           1  sim900a.o(.data)
    Tem_off                                  0x200001a1   Data           1  sim900a.o(.data)
    phonebuf                                 0x200001a4   Data           4  sim900a.o(.data)
    temperature                              0x200001a8   Data           4  sim900a.o(.data)
    S1                                       0x200001ac   Data           4  sim900a.o(.data)
    USART_RX_BUF                             0x200001b0   Data         200  usart.o(.bss)
    lcddev                                   0x20000278   Data          14  ili93xx.o(.bss)
    USART2_TX_BUF                            0x20000288   Data        1024  usart2.o(.bss)
    USART2_RX_BUF                            0x20000688   Data        1024  usart2.o(.bss)
    membase                                  0x20000a88   Data       40960  malloc.o(.bss)
    memmapbase                               0x2000aa88   Data        2560  malloc.o(.bss)
    ftinfo                                   0x2000b488   Data          33  fontupd.o(.bss)
    __libspace_start                         0x2000b510   Data          96  libspace.o(.bss)
    __temporary_stack_top$libspace           0x2000b570   Data           0  libspace.o(.bss)



==============================================================================

Memory Map of the image

  Image Entry point : 0x08000131

  Load Region LR_IROM1 (Base: 0x08000000, Size: 0x0000db30, Max: 0x00040000, ABSOLUTE, COMPRESSED[0x0000d9fc])

    Execution Region ER_IROM1 (Base: 0x08000000, Size: 0x0000d980, Max: 0x00040000, ABSOLUTE)

    Base Addr    Size         Type   Attr      Idx    E Section Name        Object

    0x08000000   0x00000130   Data   RO            3    RESET               startup_stm32f10x_hd.o
    0x08000130   0x00000008   Code   RO         1882  * !!!main             c_w.l(__main.o)(c_w.l)
    0x08000138   0x00000034   Code   RO         2206    !!!scatter          c_w.l(__scatter.o)(c_w.l)
    0x0800016c   0x0000005a   Code   RO         2204    !!dczerorl2         c_w.l(__dczerorl2.o)(c_w.l)
    0x080001c6   0x00000002   PAD
    0x080001c8   0x0000001c   Code   RO         2208    !!handler_zi        c_w.l(__scatter_zi.o)(c_w.l)
    0x080001e4   0x00000000   Code   RO         1867    .ARM.Collect$$_printf_percent$$00000000  c_w.l(_printf_percent.o)(c_w.l)
    0x080001e4   0x00000006   Code   RO         1952    .ARM.Collect$$_printf_percent$$00000001  c_w.l(_printf_n.o)(c_w.l)
    0x080001ea   0x00000006   Code   RO         1953    .ARM.Collect$$_printf_percent$$00000002  c_w.l(_printf_p.o)(c_w.l)
    0x080001f0   0x00000006   Code   RO         1957    .ARM.Collect$$_printf_percent$$00000003  c_w.l(_printf_f.o)(c_w.l)
    0x080001f6   0x00000006   Code   RO         1958    .ARM.Collect$$_printf_percent$$00000004  c_w.l(_printf_e.o)(c_w.l)
    0x080001fc   0x00000006   Code   RO         1959    .ARM.Collect$$_printf_percent$$00000005  c_w.l(_printf_g.o)(c_w.l)
    0x08000202   0x00000006   Code   RO         1960    .ARM.Collect$$_printf_percent$$00000006  c_w.l(_printf_a.o)(c_w.l)
    0x08000208   0x0000000a   Code   RO         1965    .ARM.Collect$$_printf_percent$$00000007  c_w.l(_printf_ll.o)(c_w.l)
    0x08000212   0x00000006   Code   RO         1955    .ARM.Collect$$_printf_percent$$00000008  c_w.l(_printf_i.o)(c_w.l)
    0x08000218   0x00000006   Code   RO         1866    .ARM.Collect$$_printf_percent$$00000009  c_w.l(_printf_d.o)(c_w.l)
    0x0800021e   0x00000006   Code   RO         1956    .ARM.Collect$$_printf_percent$$0000000A  c_w.l(_printf_u.o)(c_w.l)
    0x08000224   0x00000006   Code   RO         1954    .ARM.Collect$$_printf_percent$$0000000B  c_w.l(_printf_o.o)(c_w.l)
    0x0800022a   0x00000006   Code   RO         1865    .ARM.Collect$$_printf_percent$$0000000C  c_w.l(_printf_x.o)(c_w.l)
    0x08000230   0x00000006   Code   RO         1962    .ARM.Collect$$_printf_percent$$0000000D  c_w.l(_printf_lli.o)(c_w.l)
    0x08000236   0x00000006   Code   RO         1963    .ARM.Collect$$_printf_percent$$0000000E  c_w.l(_printf_lld.o)(c_w.l)
    0x0800023c   0x00000006   Code   RO         1964    .ARM.Collect$$_printf_percent$$0000000F  c_w.l(_printf_llu.o)(c_w.l)
    0x08000242   0x00000006   Code   RO         1969    .ARM.Collect$$_printf_percent$$00000010  c_w.l(_printf_llo.o)(c_w.l)
    0x08000248   0x00000006   Code   RO         1970    .ARM.Collect$$_printf_percent$$00000011  c_w.l(_printf_llx.o)(c_w.l)
    0x0800024e   0x0000000a   Code   RO         1966    .ARM.Collect$$_printf_percent$$00000012  c_w.l(_printf_l.o)(c_w.l)
    0x08000258   0x00000006   Code   RO         1863    .ARM.Collect$$_printf_percent$$00000013  c_w.l(_printf_c.o)(c_w.l)
    0x0800025e   0x00000006   Code   RO         1864    .ARM.Collect$$_printf_percent$$00000014  c_w.l(_printf_s.o)(c_w.l)
    0x08000264   0x00000006   Code   RO         1967    .ARM.Collect$$_printf_percent$$00000015  c_w.l(_printf_lc.o)(c_w.l)
    0x0800026a   0x00000006   Code   RO         1968    .ARM.Collect$$_printf_percent$$00000016  c_w.l(_printf_ls.o)(c_w.l)
    0x08000270   0x00000004   Code   RO         1961    .ARM.Collect$$_printf_percent$$00000017  c_w.l(_printf_percent_end.o)(c_w.l)
    0x08000274   0x00000006   Code   RO         2077    .ARM.Collect$$libinit$$00000000  c_w.l(libinit.o)(c_w.l)
    0x0800027a   0x00000000   Code   RO         2086    .ARM.Collect$$libinit$$00000006  c_w.l(libinit2.o)(c_w.l)
    0x0800027a   0x00000000   Code   RO         2088    .ARM.Collect$$libinit$$00000008  c_w.l(libinit2.o)(c_w.l)
    0x0800027a   0x00000000   Code   RO         2090    .ARM.Collect$$libinit$$0000000A  c_w.l(libinit2.o)(c_w.l)
    0x0800027a   0x00000006   Code   RO         2091    .ARM.Collect$$libinit$$0000000B  c_w.l(libinit2.o)(c_w.l)
    0x08000280   0x00000000   Code   RO         2093    .ARM.Collect$$libinit$$0000000D  c_w.l(libinit2.o)(c_w.l)
    0x08000280   0x0000000c   Code   RO         2094    .ARM.Collect$$libinit$$0000000E  c_w.l(libinit2.o)(c_w.l)
    0x0800028c   0x00000000   Code   RO         2095    .ARM.Collect$$libinit$$0000000F  c_w.l(libinit2.o)(c_w.l)
    0x0800028c   0x00000000   Code   RO         2097    .ARM.Collect$$libinit$$00000011  c_w.l(libinit2.o)(c_w.l)
    0x0800028c   0x0000000a   Code   RO         2098    .ARM.Collect$$libinit$$00000012  c_w.l(libinit2.o)(c_w.l)
    0x08000296   0x00000000   Code   RO         2099    .ARM.Collect$$libinit$$00000013  c_w.l(libinit2.o)(c_w.l)
    0x08000296   0x00000000   Code   RO         2101    .ARM.Collect$$libinit$$00000015  c_w.l(libinit2.o)(c_w.l)
    0x08000296   0x00000000   Code   RO         2103    .ARM.Collect$$libinit$$00000017  c_w.l(libinit2.o)(c_w.l)
    0x08000296   0x00000000   Code   RO         2105    .ARM.Collect$$libinit$$00000019  c_w.l(libinit2.o)(c_w.l)
    0x08000296   0x00000000   Code   RO         2107    .ARM.Collect$$libinit$$0000001B  c_w.l(libinit2.o)(c_w.l)
    0x08000296   0x00000000   Code   RO         2109    .ARM.Collect$$libinit$$0000001D  c_w.l(libinit2.o)(c_w.l)
    0x08000296   0x00000000   Code   RO         2111    .ARM.Collect$$libinit$$0000001F  c_w.l(libinit2.o)(c_w.l)
    0x08000296   0x00000000   Code   RO         2113    .ARM.Collect$$libinit$$00000021  c_w.l(libinit2.o)(c_w.l)
    0x08000296   0x00000000   Code   RO         2117    .ARM.Collect$$libinit$$00000028  c_w.l(libinit2.o)(c_w.l)
    0x08000296   0x00000000   Code   RO         2119    .ARM.Collect$$libinit$$0000002A  c_w.l(libinit2.o)(c_w.l)
    0x08000296   0x00000000   Code   RO         2121    .ARM.Collect$$libinit$$0000002C  c_w.l(libinit2.o)(c_w.l)
    0x08000296   0x00000000   Code   RO         2123    .ARM.Collect$$libinit$$0000002E  c_w.l(libinit2.o)(c_w.l)
    0x08000296   0x00000002   Code   RO         2124    .ARM.Collect$$libinit$$0000002F  c_w.l(libinit2.o)(c_w.l)
    0x08000298   0x00000002   Code   RO         2148    .ARM.Collect$$libshutdown$$00000000  c_w.l(libshutdown.o)(c_w.l)
    0x0800029a   0x00000000   Code   RO         2159    .ARM.Collect$$libshutdown$$00000003  c_w.l(libshutdown2.o)(c_w.l)
    0x0800029a   0x00000000   Code   RO         2162    .ARM.Collect$$libshutdown$$00000006  c_w.l(libshutdown2.o)(c_w.l)
    0x0800029a   0x00000000   Code   RO         2165    .ARM.Collect$$libshutdown$$00000009  c_w.l(libshutdown2.o)(c_w.l)
    0x0800029a   0x00000000   Code   RO         2167    .ARM.Collect$$libshutdown$$0000000B  c_w.l(libshutdown2.o)(c_w.l)
    0x0800029a   0x00000000   Code   RO         2170    .ARM.Collect$$libshutdown$$0000000E  c_w.l(libshutdown2.o)(c_w.l)
    0x0800029a   0x00000002   Code   RO         2171    .ARM.Collect$$libshutdown$$0000000F  c_w.l(libshutdown2.o)(c_w.l)
    0x0800029c   0x00000000   Code   RO         1918    .ARM.Collect$$rtentry$$00000000  c_w.l(rtentry.o)(c_w.l)
    0x0800029c   0x00000000   Code   RO         1992    .ARM.Collect$$rtentry$$00000002  c_w.l(rtentry2.o)(c_w.l)
    0x0800029c   0x00000006   Code   RO         2007    .ARM.Collect$$rtentry$$00000004  c_w.l(rtentry4.o)(c_w.l)
    0x080002a2   0x00000000   Code   RO         1994    .ARM.Collect$$rtentry$$00000009  c_w.l(rtentry2.o)(c_w.l)
    0x080002a2   0x00000004   Code   RO         1995    .ARM.Collect$$rtentry$$0000000A  c_w.l(rtentry2.o)(c_w.l)
    0x080002a6   0x00000000   Code   RO         1997    .ARM.Collect$$rtentry$$0000000C  c_w.l(rtentry2.o)(c_w.l)
    0x080002a6   0x00000008   Code   RO         1998    .ARM.Collect$$rtentry$$0000000D  c_w.l(rtentry2.o)(c_w.l)
    0x080002ae   0x00000002   Code   RO         2082    .ARM.Collect$$rtexit$$00000000  c_w.l(rtexit.o)(c_w.l)
    0x080002b0   0x00000000   Code   RO         2128    .ARM.Collect$$rtexit$$00000002  c_w.l(rtexit2.o)(c_w.l)
    0x080002b0   0x00000004   Code   RO         2129    .ARM.Collect$$rtexit$$00000003  c_w.l(rtexit2.o)(c_w.l)
    0x080002b4   0x00000006   Code   RO         2130    .ARM.Collect$$rtexit$$00000004  c_w.l(rtexit2.o)(c_w.l)
    0x080002ba   0x00000002   PAD
    0x080002bc   0x00000038   Code   RO            4    .text               startup_stm32f10x_hd.o
    0x080002f4   0x00000002   Code   RO         1806    .text               c_w.l(use_no_semi_2.o)(c_w.l)
    0x080002f6   0x00000002   PAD
    0x080002f8   0x00000024   Code   RO         1808    .text               c_w.l(c89vsprintf.o)(c_w.l)
    0x0800031c   0x00000018   Code   RO         1810    .text               c_w.l(__2printf.o)(c_w.l)
    0x08000334   0x0000002c   Code   RO         1812    .text               c_w.l(__2sprintf.o)(c_w.l)
    0x08000360   0x00000052   Code   RO         1820    .text               c_w.l(_printf_str.o)(c_w.l)
    0x080003b2   0x00000002   PAD
    0x080003b4   0x00000074   Code   RO         1822    .text               c_w.l(_printf_dec.o)(c_w.l)
    0x08000428   0x0000009c   Code   RO         1842    .text               c_w.l(_printf_hex_int_ll_ptr.o)(c_w.l)
    0x080004c4   0x0000019c   Code   RO         1860    .text               c_w.l(__printf_flags_ss_wp.o)(c_w.l)
    0x08000660   0x0000001a   Code   RO         1868    .text               c_w.l(atoi.o)(c_w.l)
    0x0800067a   0x00000024   Code   RO         1870    .text               c_w.l(strstr.o)(c_w.l)
    0x0800069e   0x00000048   Code   RO         1872    .text               c_w.l(strcpy.o)(c_w.l)
    0x080006e6   0x0000003e   Code   RO         1874    .text               c_w.l(strlen.o)(c_w.l)
    0x08000724   0x00000018   Code   RO         1876    .text               c_w.l(strcat.o)(c_w.l)
    0x0800073c   0x00000080   Code   RO         1878    .text               c_w.l(strcmpv7m.o)(c_w.l)
    0x080007bc   0x00000006   Code   RO         1880    .text               c_w.l(heapauxi.o)(c_w.l)
    0x080007c2   0x00000002   Code   RO         1916    .text               c_w.l(use_no_semi.o)(c_w.l)
    0x080007c4   0x0000000c   Code   RO         1923    .text               c_w.l(rt_errno_addr_intlibspace.o)(c_w.l)
    0x080007d0   0x00000050   Code   RO         1925    .text               c_w.l(_printf_pad.o)(c_w.l)
    0x08000820   0x00000024   Code   RO         1927    .text               c_w.l(_printf_truncate.o)(c_w.l)
    0x08000844   0x000000b4   Code   RO         1929    .text               c_w.l(_printf_intcommon.o)(c_w.l)
    0x080008f8   0x0000002a   Code   RO         1931    .text               c_w.l(_printf_charcount.o)(c_w.l)
    0x08000922   0x00000002   PAD
    0x08000924   0x00000030   Code   RO         1933    .text               c_w.l(_printf_char_common.o)(c_w.l)
    0x08000954   0x0000000a   Code   RO         1935    .text               c_w.l(_sputc.o)(c_w.l)
    0x0800095e   0x0000002c   Code   RO         1937    .text               c_w.l(_printf_char.o)(c_w.l)
    0x0800098a   0x00000002   PAD
    0x0800098c   0x00000024   Code   RO         1939    .text               c_w.l(_printf_char_file.o)(c_w.l)
    0x080009b0   0x000000bc   Code   RO         1941    .text               c_w.l(_printf_wctomb.o)(c_w.l)
    0x08000a6c   0x00000078   Code   RO         1944    .text               c_w.l(_printf_longlong_dec.o)(c_w.l)
    0x08000ae4   0x00000078   Code   RO         1950    .text               c_w.l(_printf_oct_int_ll.o)(c_w.l)
    0x08000b5c   0x00000070   Code   RO         1971    .text               c_w.l(strtol.o)(c_w.l)
    0x08000bcc   0x00000010   Code   RO         1973    .text               c_w.l(rtudiv10.o)(c_w.l)
    0x08000bdc   0x00000008   Code   RO         1988    .text               c_w.l(libspace.o)(c_w.l)
    0x08000be4   0x00000010   Code   RO         2009    .text               c_w.l(rt_ctype_table.o)(c_w.l)
    0x08000bf4   0x0000008a   Code   RO         2011    .text               c_w.l(lludiv10.o)(c_w.l)
    0x08000c7e   0x0000040e   Code   RO         2013    .text               c_w.l(_printf_fp_dec.o)(c_w.l)
    0x0800108c   0x0000002c   Code   RO         2017    .text               c_w.l(_printf_wchar.o)(c_w.l)
    0x080010b8   0x0000009c   Code   RO         2019    .text               c_w.l(_strtoul.o)(c_w.l)
    0x08001154   0x00000008   Code   RO         2021    .text               c_w.l(ferror.o)(c_w.l)
    0x0800115c   0x00000040   Code   RO         2025    .text               c_w.l(_wcrtomb.o)(c_w.l)
    0x0800119c   0x0000004a   Code   RO         2027    .text               c_w.l(sys_stackheap_outer.o)(c_w.l)
    0x080011e6   0x00000002   PAD
    0x080011e8   0x0000000c   Code   RO         2032    .text               c_w.l(rt_locale_intlibspace.o)(c_w.l)
    0x080011f4   0x0000007c   Code   RO         2034    .text               c_w.l(_printf_fp_infnan.o)(c_w.l)
    0x08001270   0x00000020   Code   RO         2036    .text               c_w.l(_chval.o)(c_w.l)
    0x08001290   0x000000ec   Code   RO         2038    .text               c_w.l(bigflt0.o)(c_w.l)
    0x0800137c   0x0000000c   Code   RO         2069    .text               c_w.l(exit.o)(c_w.l)
    0x08001388   0x0000000c   Code   RO         2138    .text               c_w.l(rt_fp_status_addr_intlibspace.o)(c_w.l)
    0x08001394   0x0000003e   Code   RO         2041    CL$$btod_d2e        c_w.l(btod.o)(c_w.l)
    0x080013d2   0x00000046   Code   RO         2043    CL$$btod_d2e_denorm_low  c_w.l(btod.o)(c_w.l)
    0x08001418   0x00000060   Code   RO         2042    CL$$btod_d2e_norm_op1  c_w.l(btod.o)(c_w.l)
    0x08001478   0x00000338   Code   RO         2051    CL$$btod_div_common  c_w.l(btod.o)(c_w.l)
    0x080017b0   0x000000c6   Code   RO         2048    CL$$btod_e2e        c_w.l(btod.o)(c_w.l)
    0x08001876   0x00000028   Code   RO         2045    CL$$btod_ediv       c_w.l(btod.o)(c_w.l)
    0x0800189e   0x00000028   Code   RO         2044    CL$$btod_emul       c_w.l(btod.o)(c_w.l)
    0x080018c6   0x00000244   Code   RO         2050    CL$$btod_mult_common  c_w.l(btod.o)(c_w.l)
    0x08001b0a   0x00000002   PAD
    0x08001b0c   0x00000070   Code   RO          812    i.DS18B20_Check     ds18b20.o
    0x08001b7c   0x00000094   Code   RO          813    i.DS18B20_Get_Temp  ds18b20.o
    0x08001c10   0x00000050   Code   RO          814    i.DS18B20_Init      ds18b20.o
    0x08001c60   0x000001ac   Code   RO          815    i.DS18B20_Link      ds18b20.o
    0x08001e0c   0x00000088   Code   RO          816    i.DS18B20_Read_Bit  ds18b20.o
    0x08001e94   0x00000022   Code   RO          817    i.DS18B20_Read_Byte  ds18b20.o
    0x08001eb6   0x00000002   PAD
    0x08001eb8   0x00000050   Code   RO          818    i.DS18B20_Rst       ds18b20.o
    0x08001f08   0x00000018   Code   RO          819    i.DS18B20_Start     ds18b20.o
    0x08001f20   0x00000084   Code   RO          820    i.DS18B20_Write_Byte  ds18b20.o
    0x08001fa4   0x000000e0   Code   RO         1603    i.Get_HzMat         text.o
    0x08002084   0x000000c4   Code   RO         1636    i.Get_Msg           sim900a.o
    0x08002148   0x00000030   Code   RO          139    i.JTAG_Set          sys.o
    0x08002178   0x00000098   Code   RO          469    i.KEY_Init          key.o
    0x08002210   0x00000084   Code   RO          470    i.KEY_Scan          key.o
    0x08002294   0x0000008c   Code   RO          272    i.LCD_Clear         ili93xx.o
    0x08002320   0x000001ac   Code   RO          276    i.LCD_Display_Dir   ili93xx.o
    0x080024cc   0x000002b4   Code   RO          281    i.LCD_Fast_DrawPoint  ili93xx.o
    0x08002780   0x000000d4   Code   RO          282    i.LCD_Fill          ili93xx.o
    0x08002854   0x00003a4c   Code   RO          283    i.LCD_Init          ili93xx.o
    0x080062a0   0x00000016   Code   RO          284    i.LCD_Pow           ili93xx.o
    0x080062b6   0x00000002   PAD
    0x080062b8   0x0000008c   Code   RO          285    i.LCD_RD_DATA       ili93xx.o
    0x08006344   0x00000010   Code   RO          287    i.LCD_ReadReg       ili93xx.o
    0x08006354   0x000004b8   Code   RO          288    i.LCD_Scan_Dir      ili93xx.o
    0x0800680c   0x0000026c   Code   RO          289    i.LCD_SetCursor     ili93xx.o
    0x08006a78   0x00000128   Code   RO          291    i.LCD_ShowChar      ili93xx.o
    0x08006ba0   0x00000098   Code   RO          292    i.LCD_ShowNum       ili93xx.o
    0x08006c38   0x00000066   Code   RO          293    i.LCD_ShowString    ili93xx.o
    0x08006c9e   0x00000002   PAD
    0x08006ca0   0x00000028   Code   RO          295    i.LCD_WR_DATAX      ili93xx.o
    0x08006cc8   0x00000028   Code   RO          296    i.LCD_WR_REG        ili93xx.o
    0x08006cf0   0x00000010   Code   RO          298    i.LCD_WriteRAM_Prepare  ili93xx.o
    0x08006d00   0x00000034   Code   RO          299    i.LCD_WriteReg      ili93xx.o
    0x08006d34   0x00000080   Code   RO          242    i.LED_Init          led.o
    0x08006db4   0x00000068   Code   RO          140    i.MYRCC_DeInit      sys.o
    0x08006e1c   0x0000007c   Code   RO          141    i.MY_NVIC_Init      sys.o
    0x08006e98   0x00000034   Code   RO          142    i.MY_NVIC_PriorityGroupConfig  sys.o
    0x08006ecc   0x00000014   Code   RO          143    i.MY_NVIC_SetVectorTable  sys.o
    0x08006ee0   0x00000034   Code   RO         1637    i.Not_Show_Tem      sim900a.o
    0x08006f14   0x00000018   Code   RO          627    i.SD_DisSelect      mmc_sd.o
    0x08006f2c   0x0000002a   Code   RO          629    i.SD_GetCSD         mmc_sd.o
    0x08006f56   0x00000026   Code   RO          630    i.SD_GetResponse    mmc_sd.o
    0x08006f7c   0x00000076   Code   RO          631    i.SD_GetSectorCount  mmc_sd.o
    0x08006ff2   0x00000002   PAD
    0x08006ff4   0x00000188   Code   RO          632    i.SD_Initialize     mmc_sd.o
    0x0800717c   0x00000074   Code   RO          633    i.SD_ReadDisk       mmc_sd.o
    0x080071f0   0x00000038   Code   RO          634    i.SD_RecvData       mmc_sd.o
    0x08007228   0x00000064   Code   RO          635    i.SD_SPI_Init       mmc_sd.o
    0x0800728c   0x0000000c   Code   RO          636    i.SD_SPI_ReadWriteByte  mmc_sd.o
    0x08007298   0x0000000a   Code   RO          637    i.SD_SPI_SpeedHigh  mmc_sd.o
    0x080072a2   0x0000000a   Code   RO          638    i.SD_SPI_SpeedLow   mmc_sd.o
    0x080072ac   0x00000020   Code   RO          639    i.SD_Select         mmc_sd.o
    0x080072cc   0x00000052   Code   RO          640    i.SD_SendBlock      mmc_sd.o
    0x0800731e   0x00000078   Code   RO          641    i.SD_SendCmd        mmc_sd.o
    0x08007396   0x00000022   Code   RO          642    i.SD_WaitReady      mmc_sd.o
    0x080073b8   0x00000090   Code   RO          643    i.SD_WriteDisk      mmc_sd.o
    0x08007448   0x000000f4   Code   RO         1638    i.SIM900A_Link      sim900a.o
    0x0800753c   0x000000bc   Code   RO          488    i.SPI1_Init         spi.o
    0x080075f8   0x00000050   Code   RO          489    i.SPI1_ReadWriteByte  spi.o
    0x08007648   0x0000002c   Code   RO          490    i.SPI1_SetSpeed     spi.o
    0x08007674   0x00000024   Code   RO          516    i.SPI_FLASH_Write_Enable  flash.o
    0x08007698   0x00000048   Code   RO          519    i.SPI_Flash_Erase_Sector  flash.o
    0x080076e0   0x00000068   Code   RO          520    i.SPI_Flash_Init    flash.o
    0x08007748   0x0000005c   Code   RO          522    i.SPI_Flash_Read    flash.o
    0x080077a4   0x0000004c   Code   RO          523    i.SPI_Flash_ReadID  flash.o
    0x080077f0   0x00000030   Code   RO          524    i.SPI_Flash_ReadSR  flash.o
    0x08007820   0x00000012   Code   RO          526    i.SPI_Flash_Wait_Busy  flash.o
    0x08007832   0x000000d0   Code   RO          527    i.SPI_Flash_Write   flash.o
    0x08007902   0x00000046   Code   RO          528    i.SPI_Flash_Write_NoCheck  flash.o
    0x08007948   0x00000058   Code   RO          529    i.SPI_Flash_Write_Page  flash.o
    0x080079a0   0x00000064   Code   RO          530    i.SPI_USART_IO_SET  flash.o
    0x08007a04   0x000000c8   Code   RO         1604    i.Show_Font         text.o
    0x08007acc   0x000000c2   Code   RO         1605    i.Show_Str          text.o
    0x08007b8e   0x00000002   PAD
    0x08007b90   0x00000070   Code   RO         1606    i.Show_Str_Mid      text.o
    0x08007c00   0x000000dc   Code   RO         1639    i.Show_Tem          sim900a.o
    0x08007cdc   0x0000008c   Code   RO          144    i.Stm32_Clock_Init  sys.o
    0x08007d68   0x000001c0   Code   RO           10    i.Sys_Init          test.o
    0x08007f28   0x0000003c   Code   RO          741    i.TIM4_IRQHandler   usart2.o
    0x08007f64   0x0000005c   Code   RO          742    i.TIM4_Init         usart2.o
    0x08007fc0   0x00000034   Code   RO          743    i.TIM4_Set          usart2.o
    0x08007ff4   0x00000054   Code   RO          744    i.UART_DMA_Config   usart2.o
    0x08008048   0x00000014   Code   RO          745    i.UART_DMA_Enable   usart2.o
    0x0800805c   0x00000084   Code   RO          201    i.USART1_IRQHandler  usart.o
    0x080080e0   0x00000064   Code   RO          746    i.USART2_IRQHandler  usart2.o
    0x08008144   0x000000f0   Code   RO          747    i.USART2_Init       usart2.o
    0x08008234   0x00000028   Code   RO         2080    i.__ARM_fpclassify  m_ws.l(fpclassify.o)(m_ws.l)
    0x0800825c   0x00000006   Code   RO          202    i._sys_exit         usart.o
    0x08008262   0x00000002   PAD
    0x08008264   0x00000090   Code   RO         1208    i.check_fs          ff.o
    0x080082f4   0x00000014   Code   RO         1209    i.chk_chr           ff.o
    0x08008308   0x00000032   Code   RO         1210    i.clmt_clust        ff.o
    0x0800833a   0x0000001a   Code   RO         1211    i.clust2sect        ff.o
    0x08008354   0x00000090   Code   RO         1212    i.cmp_lfn           ff.o
    0x080083e4   0x000000d6   Code   RO         1213    i.create_chain      ff.o
    0x080084ba   0x00000002   PAD
    0x080084bc   0x0000027c   Code   RO         1214    i.create_name       ff.o
    0x08008738   0x00000034   Code   RO          111    i.delay_init        delay.o
    0x0800876c   0x0000003c   Code   RO          112    i.delay_ms          delay.o
    0x080087a8   0x0000003c   Code   RO          113    i.delay_us          delay.o
    0x080087e4   0x0000005c   Code   RO         1215    i.dir_alloc         ff.o
    0x08008840   0x000000e6   Code   RO         1216    i.dir_find          ff.o
    0x08008926   0x0000010e   Code   RO         1217    i.dir_next          ff.o
    0x08008a34   0x0000012a   Code   RO         1219    i.dir_register      ff.o
    0x08008b5e   0x0000009e   Code   RO         1221    i.dir_sdi           ff.o
    0x08008bfc   0x00000060   Code   RO         1144    i.disk_initialize   diskio.o
    0x08008c5c   0x000000a4   Code   RO         1145    i.disk_ioctl        diskio.o
    0x08008d00   0x00000076   Code   RO         1146    i.disk_read         diskio.o
    0x08008d76   0x00000006   Code   RO         1147    i.disk_status       diskio.o
    0x08008d7c   0x00000062   Code   RO         1148    i.disk_write        diskio.o
    0x08008dde   0x00000002   PAD
    0x08008de0   0x00000074   Code   RO          942    i.exfuns_init       exfuns.o
    0x08008e54   0x00000020   Code   RO         1223    i.f_close           ff.o
    0x08008e74   0x0000005c   Code   RO         1231    i.f_mount           ff.o
    0x08008ed0   0x0000017a   Code   RO         1232    i.f_open            ff.o
    0x0800904a   0x000001ae   Code   RO         1237    i.f_read            ff.o
    0x080091f8   0x000000ae   Code   RO         1242    i.f_sync            ff.o
    0x080092a6   0x00000002   PAD
    0x080092a8   0x00000098   Code   RO         1545    i.ff_convert        mycc936.o
    0x08009340   0x0000000c   Code   RO         1149    i.ff_memalloc       diskio.o
    0x0800934c   0x0000000c   Code   RO         1150    i.ff_memfree        diskio.o
    0x08009358   0x00000038   Code   RO         1546    i.ff_wtoupper       mycc936.o
    0x08009390   0x00000388   Code   RO         1247    i.find_volume       ff.o
    0x08009718   0x00000080   Code   RO         1248    i.fit_lfn           ff.o
    0x08009798   0x00000090   Code   RO         1249    i.follow_path       ff.o
    0x08009828   0x00000028   Code   RO         1564    i.font_init         fontupd.o
    0x08009850   0x0000001c   Code   RO          203    i.fputc             usart.o
    0x0800986c   0x00000090   Code   RO         1565    i.fupd_prog         fontupd.o
    0x080098fc   0x000000cc   Code   RO         1250    i.gen_numname       ff.o
    0x080099c8   0x000000e8   Code   RO         1251    i.get_fat           ff.o
    0x08009ab0   0x00000004   Code   RO         1151    i.get_fattime       diskio.o
    0x08009ab4   0x0000004a   Code   RO         1253    i.get_ldnumber      ff.o
    0x08009afe   0x00000020   Code   RO         1254    i.ld_clust          ff.o
    0x08009b1e   0x00000002   PAD
    0x08009b20   0x000000e0   Code   RO           11    i.main              test.o
    0x08009c00   0x00000026   Code   RO         1255    i.mem_cmp           ff.o
    0x08009c26   0x0000001a   Code   RO         1256    i.mem_cpy           ff.o
    0x08009c40   0x00000048   Code   RO          872    i.mem_free          malloc.o
    0x08009c88   0x0000002c   Code   RO          873    i.mem_init          malloc.o
    0x08009cb4   0x00000078   Code   RO          874    i.mem_malloc        malloc.o
    0x08009d2c   0x00000030   Code   RO          875    i.mem_perused       malloc.o
    0x08009d5c   0x00000014   Code   RO         1257    i.mem_set           ff.o
    0x08009d70   0x00000032   Code   RO         1258    i.move_window       ff.o
    0x08009da2   0x00000002   PAD
    0x08009da4   0x00000050   Code   RO         1640    i.my_itoa           sim900a.o
    0x08009df4   0x0000001c   Code   RO          876    i.myfree            malloc.o
    0x08009e10   0x00000020   Code   RO          877    i.mymalloc          malloc.o
    0x08009e30   0x00000014   Code   RO          879    i.mymemset          malloc.o
    0x08009e44   0x00000136   Code   RO         1260    i.put_fat           ff.o
    0x08009f7a   0x0000006c   Code   RO         1262    i.remove_chain      ff.o
    0x08009fe6   0x00000026   Code   RO         1641    i.reverse           sim900a.o
    0x0800a00c   0x00000034   Code   RO         1642    i.sim900a_check_cmd  sim900a.o
    0x0800a040   0x00000036   Code   RO         1643    i.sim900a_chr2hex   sim900a.o
    0x0800a076   0x00000002   PAD
    0x0800a078   0x000002ec   Code   RO         1644    i.sim900a_data_ui   sim900a.o
    0x0800a364   0x000001b0   Code   RO         1645    i.sim900a_gsminfo_show  sim900a.o
    0x0800a514   0x00000022   Code   RO         1646    i.sim900a_hex2chr   sim900a.o
    0x0800a536   0x00000002   PAD
    0x0800a538   0x0000007c   Code   RO         1647    i.sim900a_send_cmd  sim900a.o
    0x0800a5b4   0x000002f8   Code   RO         1648    i.sim900a_sms_read  sim900a.o
    0x0800a8ac   0x00000224   Code   RO         1649    i.sim900a_sms_send  sim900a.o
    0x0800aad0   0x000000ec   Code   RO         1651    i.sim900a_unigbk_exchange  sim900a.o
    0x0800abbc   0x0000003c   Code   RO         1652    i.sim_at_response   sim900a.o
    0x0800abf8   0x00000010   Code   RO         1263    i.st_clust          ff.o
    0x0800ac08   0x00000020   Code   RO         1264    i.sum_sfn           ff.o
    0x0800ac28   0x000000c8   Code   RO         1265    i.sync_fs           ff.o
    0x0800acf0   0x0000004c   Code   RO         1266    i.sync_window       ff.o
    0x0800ad3c   0x0000003c   Code   RO          748    i.u2_printf         usart2.o
    0x0800ad78   0x00000100   Code   RO          204    i.uart_init         usart.o
    0x0800ae78   0x0000015c   Code   RO         1566    i.updata_fontx      fontupd.o
    0x0800afd4   0x000001b8   Code   RO         1567    i.update_font       fontupd.o
    0x0800b18c   0x00000036   Code   RO         1267    i.validate          ff.o
    0x0800b1c2   0x00000002   PAD
    0x0800b1c4   0x0000002c   Code   RO         2064    locale$$code        c_w.l(lc_ctype_c.o)(c_w.l)
    0x0800b1f0   0x0000002c   Code   RO         2067    locale$$code        c_w.l(lc_numeric_c.o)(c_w.l)
    0x0800b21c   0x0000005e   Code   RO         1884    x$fpl$dfix          fz_ws.l(dfix.o)(fz_ws.l)
    0x0800b27a   0x00000002   PAD
    0x0800b27c   0x00000154   Code   RO         1888    x$fpl$dmul          fz_ws.l(dmul.o)(fz_ws.l)
    0x0800b3d0   0x0000009c   Code   RO         1975    x$fpl$dnaninf       fz_ws.l(dnaninf.o)(fz_ws.l)
    0x0800b46c   0x0000000c   Code   RO         1977    x$fpl$dretinf       fz_ws.l(dretinf.o)(fz_ws.l)
    0x0800b478   0x00000056   Code   RO         1890    x$fpl$f2d           fz_ws.l(f2d.o)(fz_ws.l)
    0x0800b4ce   0x00000002   PAD
    0x0800b4d0   0x000000c4   Code   RO         1892    x$fpl$fadd          fz_ws.l(faddsub_clz.o)(fz_ws.l)
    0x0800b594   0x00000018   Code   RO         1979    x$fpl$fcmpinf       fz_ws.l(fcmpi.o)(fz_ws.l)
    0x0800b5ac   0x00000184   Code   RO         1899    x$fpl$fdiv          fz_ws.l(fdiv.o)(fz_ws.l)
    0x0800b730   0x00000068   Code   RO         1902    x$fpl$feqf          fz_ws.l(feqf.o)(fz_ws.l)
    0x0800b798   0x0000003e   Code   RO         1904    x$fpl$ffixu         fz_ws.l(ffixu.o)(fz_ws.l)
    0x0800b7d6   0x00000002   PAD
    0x0800b7d8   0x00000030   Code   RO         1909    x$fpl$fflt          fz_ws.l(fflt_clz.o)(fz_ws.l)
    0x0800b808   0x00000026   Code   RO         1908    x$fpl$ffltu         fz_ws.l(fflt_clz.o)(fz_ws.l)
    0x0800b82e   0x00000002   PAD
    0x0800b830   0x00000102   Code   RO         1914    x$fpl$fmul          fz_ws.l(fmul.o)(fz_ws.l)
    0x0800b932   0x0000008c   Code   RO         1981    x$fpl$fnaninf       fz_ws.l(fnaninf.o)(fz_ws.l)
    0x0800b9be   0x0000000e   Code   RO         2125    x$fpl$fpinit        fz_ws.l(fpinit.o)(fz_ws.l)
    0x0800b9cc   0x0000000a   Code   RO         1983    x$fpl$fretinf       fz_ws.l(fretinf.o)(fz_ws.l)
    0x0800b9d6   0x00000014   Code   RO         1893    x$fpl$frsb          fz_ws.l(faddsub_clz.o)(fz_ws.l)
    0x0800b9ea   0x00000002   PAD
    0x0800b9ec   0x000000ea   Code   RO         1894    x$fpl$fsub          fz_ws.l(faddsub_clz.o)(fz_ws.l)
    0x0800bad6   0x00000004   Code   RO         1985    x$fpl$printf1       fz_ws.l(printf1.o)(fz_ws.l)
    0x0800bada   0x00000000   Code   RO         1987    x$fpl$usenofp       fz_ws.l(usenofp.o)(fz_ws.l)
    0x0800bada   0x000017c0   Data   RO          301    .constdata          ili93xx.o
    0x0800d29a   0x0000003a   Data   RO         1268    .constdata          ff.o
    0x0800d2d4   0x000003c0   Data   RO         1547    .constdata          mycc936.o
    0x0800d694   0x00000028   Data   RO         1843    .constdata          c_w.l(_printf_hex_int_ll_ptr.o)(c_w.l)
    0x0800d6bc   0x00000011   Data   RO         1861    .constdata          c_w.l(__printf_flags_ss_wp.o)(c_w.l)
    0x0800d6cd   0x00000003   PAD
    0x0800d6d0   0x00000008   Data   RO         1942    .constdata          c_w.l(_printf_wctomb.o)(c_w.l)
    0x0800d6d8   0x00000094   Data   RO         2039    .constdata          c_w.l(bigflt0.o)(c_w.l)
    0x0800d76c   0x00000054   Data   RO          945    .conststring        exfuns.o
    0x0800d7c0   0x00000065   Data   RO         1569    .conststring        fontupd.o
    0x0800d825   0x0000000c   Data   RO         1654    .conststring        sim900a.o
    0x0800d831   0x00000003   PAD
    0x0800d834   0x00000020   Data   RO         2202    Region$$Table       anon$$obj.o
    0x0800d854   0x00000110   Data   RO         2063    locale$$data        c_w.l(lc_ctype_c.o)(c_w.l)
    0x0800d964   0x0000001c   Data   RO         2066    locale$$data        c_w.l(lc_numeric_c.o)(c_w.l)


    Execution Region RW_IRAM1 (Base: 0x20000000, Size: 0x0000bb70, Max: 0x0000c000, ABSOLUTE, COMPRESSED[0x0000007c])

    Base Addr    Size         Type   Attr      Idx    E Section Name        Object

    0x20000000   0x00000004   Data   RW          114    .data               delay.o
    0x20000004   0x00000008   Data   RW          206    .data               usart.o
    0x2000000c   0x00000004   Data   RW          302    .data               ili93xx.o
    0x20000010   0x00000001   Data   RW          471    .data               key.o
    0x20000011   0x00000001   PAD
    0x20000012   0x00000002   Data   RW          531    .data               flash.o
    0x20000014   0x00000001   Data   RW          644    .data               mmc_sd.o
    0x20000015   0x00000001   PAD
    0x20000016   0x00000002   Data   RW          750    .data               usart2.o
    0x20000018   0x00000014   Data   RW          883    .data               malloc.o
    0x2000002c   0x00000154   Data   RW          946    .data               exfuns.o
    0x20000180   0x00000002   Data   RW         1152    .data               diskio.o
    0x20000182   0x00000002   PAD
    0x20000184   0x0000000a   Data   RW         1269    .data               ff.o
    0x2000018e   0x00000002   PAD
    0x20000190   0x00000010   Data   RW         1570    .data               fontupd.o
    0x200001a0   0x00000010   Data   RW         1655    .data               sim900a.o
    0x200001b0   0x000000c8   Zero   RW          205    .bss                usart.o
    0x20000278   0x0000000e   Zero   RW          300    .bss                ili93xx.o
    0x20000286   0x00000002   PAD
    0x20000288   0x00000800   Zero   RW          749    .bss                usart2.o
    0x20000a88   0x0000aa00   Zero   RW          881    .bss                malloc.o
    0x2000b488   0x00000021   Zero   RW         1568    .bss                fontupd.o
    0x2000b4a9   0x00000064   Zero   RW         1653    .bss                sim900a.o
    0x2000b50d   0x00000003   PAD
    0x2000b510   0x00000060   Zero   RW         1989    .bss                c_w.l(libspace.o)(c_w.l)
    0x2000b570   0x00000200   Zero   RW            2    HEAP                startup_stm32f10x_hd.o
    0x2000b770   0x00000400   Zero   RW            1    STACK               startup_stm32f10x_hd.o


==============================================================================

Image component sizes


      Code (inc. data)   RO Data    RW Data    ZI Data      Debug   Object Name

       172         20          0          4          0          0   delay.o
       510         18          0          2          0          0   diskio.o
      1174        272          0          0          0          0   ds18b20.o
       116         16         84        340          0          0   exfuns.o
      6036         64         58         10          0          0   ff.o
       912         84          0          2          0          0   flash.o
       972        142        101         16         33          0   fontupd.o
     19100        282       6080          4         14          0   ili93xx.o
       284         36          0          1          0          0   key.o
       128         18          0          0          0          0   led.o
       364         32          0         20      43520          0   malloc.o
      1330         54          0          1          0          0   mmc_sd.o
       208         12        960          0          0          0   mycc936.o
      3878        864         12         16        100          0   sim900a.o
       312         30          0          0          0          0   spi.o
        56         22        304          0       1536          0   startup_stm32f10x_hd.o
       488         56          0          0          0          0   sys.o
       672        200          0          0          0          0   test.o
       730         20          0          0          0          0   text.o
       422         50          0          8        200          0   usart.o
       708        100          0          2       2048          0   usart2.o

    ----------------------------------------------------------------------
     38600       2392       7634        432      47456          0   Object Totals
         0          0         32          0          0          0   (incl. Generated)
        28          0          3          6          5          3   (incl. Padding)

    ----------------------------------------------------------------------

      Code (inc. data)   RO Data    RW Data    ZI Data      Debug   Library Member Name

        24          4          0          0          0          0   __2printf.o
        44          6          0          0          0          0   __2sprintf.o
        90          0          0          0          0          0   __dczerorl2.o
         8          0          0          0          0          0   __main.o
       412          6         17          0          0          0   __printf_flags_ss_wp.o
        52          8          0          0          0          0   __scatter.o
        28          0          0          0          0          0   __scatter_zi.o
        32          0          0          0          0          0   _chval.o
         6          0          0          0          0          0   _printf_a.o
         6          0          0          0          0          0   _printf_c.o
        44          0          0          0          0          0   _printf_char.o
        48          6          0          0          0          0   _printf_char_common.o
        36          4          0          0          0          0   _printf_char_file.o
        42          0          0          0          0          0   _printf_charcount.o
         6          0          0          0          0          0   _printf_d.o
       116         18          0          0          0          0   _printf_dec.o
         6          0          0          0          0          0   _printf_e.o
         6          0          0          0          0          0   _printf_f.o
      1038          0          0          0          0          0   _printf_fp_dec.o
       124         16          0          0          0          0   _printf_fp_infnan.o
         6          0          0          0          0          0   _printf_g.o
       156          6         40          0          0          0   _printf_hex_int_ll_ptr.o
         6          0          0          0          0          0   _printf_i.o
       180          0          0          0          0          0   _printf_intcommon.o
        10          0          0          0          0          0   _printf_l.o
         6          0          0          0          0          0   _printf_lc.o
        10          0          0          0          0          0   _printf_ll.o
         6          0          0          0          0          0   _printf_lld.o
         6          0          0          0          0          0   _printf_lli.o
         6          0          0          0          0          0   _printf_llo.o
         6          0          0          0          0          0   _printf_llu.o
         6          0          0          0          0          0   _printf_llx.o
       120         16          0          0          0          0   _printf_longlong_dec.o
         6          0          0          0          0          0   _printf_ls.o
         6          0          0          0          0          0   _printf_n.o
         6          0          0          0          0          0   _printf_o.o
       120          8          0          0          0          0   _printf_oct_int_ll.o
         6          0          0          0          0          0   _printf_p.o
        80          0          0          0          0          0   _printf_pad.o
         0          0          0          0          0          0   _printf_percent.o
         4          0          0          0          0          0   _printf_percent_end.o
         6          0          0          0          0          0   _printf_s.o
        82          0          0          0          0          0   _printf_str.o
        36          0          0          0          0          0   _printf_truncate.o
         6          0          0          0          0          0   _printf_u.o
        44          0          0          0          0          0   _printf_wchar.o
       188          6          8          0          0          0   _printf_wctomb.o
         6          0          0          0          0          0   _printf_x.o
        10          0          0          0          0          0   _sputc.o
       156          0          0          0          0          0   _strtoul.o
        64          0          0          0          0          0   _wcrtomb.o
        26          0          0          0          0          0   atoi.o
       236          6        148          0          0          0   bigflt0.o
      1910        128          0          0          0          0   btod.o
        36          4          0          0          0          0   c89vsprintf.o
        12          0          0          0          0          0   exit.o
         8          0          0          0          0          0   ferror.o
         6          0          0          0          0          0   heapauxi.o
        44         10        272          0          0          0   lc_ctype_c.o
        44         10         28          0          0          0   lc_numeric_c.o
         6          0          0          0          0          0   libinit.o
        30          0          0          0          0          0   libinit2.o
         2          0          0          0          0          0   libshutdown.o
         2          0          0          0          0          0   libshutdown2.o
         8          4          0          0         96          0   libspace.o
       138          0          0          0          0          0   lludiv10.o
        16          4          0          0          0          0   rt_ctype_table.o
        12          4          0          0          0          0   rt_errno_addr_intlibspace.o
        12          4          0          0          0          0   rt_fp_status_addr_intlibspace.o
        12          4          0          0          0          0   rt_locale_intlibspace.o
         0          0          0          0          0          0   rtentry.o
        12          0          0          0          0          0   rtentry2.o
         6          0          0          0          0          0   rtentry4.o
         2          0          0          0          0          0   rtexit.o
        10          0          0          0          0          0   rtexit2.o
        16          0          0          0          0          0   rtudiv10.o
        24          0          0          0          0          0   strcat.o
       128          0          0          0          0          0   strcmpv7m.o
        72          0          0          0          0          0   strcpy.o
        62          0          0          0          0          0   strlen.o
        36          0          0          0          0          0   strstr.o
       112          0          0          0          0          0   strtol.o
        74          0          0          0          0          0   sys_stackheap_outer.o
         2          0          0          0          0          0   use_no_semi.o
         2          0          0          0          0          0   use_no_semi_2.o
        94          4          0          0          0          0   dfix.o
       340         12          0          0          0          0   dmul.o
       156          4          0          0          0          0   dnaninf.o
        12          0          0          0          0          0   dretinf.o
        86          4          0          0          0          0   f2d.o
       450          8          0          0          0          0   faddsub_clz.o
        24          0          0          0          0          0   fcmpi.o
       388         76          0          0          0          0   fdiv.o
       104          4          0          0          0          0   feqf.o
        62          4          0          0          0          0   ffixu.o
        86          0          0          0          0          0   fflt_clz.o
       258          4          0          0          0          0   fmul.o
       140          4          0          0          0          0   fnaninf.o
        14          0          0          0          0          0   fpinit.o
        10          0          0          0          0          0   fretinf.o
         4          0          0          0          0          0   printf1.o
         0          0          0          0          0          0   usenofp.o
        40          0          0          0          0          0   fpclassify.o

    ----------------------------------------------------------------------
      8930        406        516          0         96          0   Library Totals
        26          0          3          0          0          0   (incl. Padding)

    ----------------------------------------------------------------------

      Code (inc. data)   RO Data    RW Data    ZI Data      Debug   Library Name

      6636        282        513          0         96       4864   c_w.l
      2228        124          0          0          0       1524   fz_ws.l
        40          0          0          0          0         68   m_ws.l

    ----------------------------------------------------------------------
      8930        406        516          0         96          0   Library Totals

    ----------------------------------------------------------------------

==============================================================================


      Code (inc. data)   RO Data    RW Data    ZI Data      Debug   

     47530       2798       8150        432      47552     539404   Grand Totals
     47530       2798       8150        124      47552     539404   ELF Image Totals (compressed)
     47530       2798       8150        124          0          0   ROM Totals

==============================================================================

    Total RO  Size (Code + RO Data)                55680 (  54.38kB)
    Total RW  Size (RW Data + ZI Data)             47984 (  46.86kB)
    Total ROM Size (Code + RO Data + RW Data)      55804 (  54.50kB)

==============================================================================

